ARM Linker, 5.03 [Build 76] [MDK-ARM Standard]

==============================================================================

Section Cross References

    main.o(i.main) refers to sys.o(i.IWDG_Init) for IWDG_Init
    main.o(i.main) refers to stm32f10x_rcc.o(i.RCC_GetClocksFreq) for RCC_GetClocksFreq
    main.o(i.main) refers to sys.o(i.NVIC_Configuration) for NVIC_Configuration
    main.o(i.main) refers to delay.o(i.delay_init) for delay_init
    main.o(i.main) refers to rtc.o(i.RTC_Init) for RTC_Init
    main.o(i.main) refers to 24cxx.o(i.AT24CXX_Init) for AT24CXX_Init
    main.o(i.main) refers to led.o(i.LED_Init) for LED_Init
    main.o(i.main) refers to usart.o(i.TIM2_Init) for TIM2_Init
    main.o(i.main) refers to usart.o(i.USART1_Init) for USART1_Init
    main.o(i.main) refers to usart2.o(i.USART2_Init) for USART2_Init
    main.o(i.main) refers to usart.o(i.UART4_Init) for UART4_Init
    main.o(i.main) refers to malloc.o(i.mem_init) for mem_init
    main.o(i.main) refers to sys.o(i.IWDG_Feed) for IWDG_Feed
    main.o(i.main) refers to common.o(i.ReadParametersFromEEPROM) for ReadParametersFromEEPROM
    main.o(i.main) refers to rtos_task.o(i.AppObjCreate) for AppObjCreate
    main.o(i.main) refers to rtos_task.o(i.AppTaskCreate) for AppTaskCreate
    main.o(i.main) refers to tasks.o(i.vTaskStartScheduler) for vTaskStartScheduler
    main.o(i.main) refers to delay.o(i.delay_ms) for delay_ms
    main.o(i.main) refers to main.o(.bss) for .bss
    common.o(i.CRC16) refers to common.o(.data) for .data
    common.o(i.CRC32) refers to common.o(.constdata) for .constdata
    common.o(i.CopyStrToPointer) refers to malloc.o(i.myfree) for myfree
    common.o(i.CopyStrToPointer) refers to malloc.o(i.mymalloc) for mymalloc
    common.o(i.CopyStrToPointer) refers to rt_memclr.o(.text) for __aeabi_memclr
    common.o(i.CopyStrToPointer) refers to rt_memcpy_v6.o(.text) for __aeabi_memcpy
    common.o(i.GetAPN) refers to common.o(i.GetMemoryForString) for GetMemoryForString
    common.o(i.GetAPN) refers to common.o(.bss) for .bss
    common.o(i.GetAPN) refers to common.o(.data) for .data
    common.o(i.GetDeviceICCID) refers to common.o(i.GetMemoryForString) for GetMemoryForString
    common.o(i.GetDeviceICCID) refers to common.o(.bss) for .bss
    common.o(i.GetDeviceICCID) refers to common.o(.data) for .data
    common.o(i.GetDeviceID) refers to common.o(i.GetMemoryForString) for GetMemoryForString
    common.o(i.GetDeviceID) refers to common.o(.bss) for .bss
    common.o(i.GetDeviceID) refers to common.o(.data) for .data
    common.o(i.GetDeviceIMSI) refers to common.o(i.GetMemoryForString) for GetMemoryForString
    common.o(i.GetDeviceIMSI) refers to common.o(.bss) for .bss
    common.o(i.GetDeviceIMSI) refers to common.o(.data) for .data
    common.o(i.GetDeviceName) refers to common.o(i.GetMemoryForString) for GetMemoryForString
    common.o(i.GetDeviceName) refers to common.o(.bss) for .bss
    common.o(i.GetDeviceName) refers to common.o(.data) for .data
    common.o(i.GetDeviceUUID) refers to common.o(i.GetMemoryForString) for GetMemoryForString
    common.o(i.GetDeviceUUID) refers to common.o(.bss) for .bss
    common.o(i.GetDeviceUUID) refers to common.o(.data) for .data
    common.o(i.GetMemoryForString) refers to common.o(i.GetDatBit) for GetDatBit
    common.o(i.GetMemoryForString) refers to malloc.o(i.mymalloc) for mymalloc
    common.o(i.GetMemoryForString) refers to strlen.o(.text) for strlen
    common.o(i.GetMemoryForString) refers to malloc.o(i.myfree) for myfree
    common.o(i.GetMemoryForString) refers to rt_memclr.o(.text) for __aeabi_memclr
    common.o(i.GetMemoryForString) refers to common.o(i.IntToString) for IntToString
    common.o(i.GetMemoryForString) refers to rt_memcpy_v6.o(.text) for __aeabi_memcpy
    common.o(i.GetServerDomain) refers to common.o(i.GetMemoryForString) for GetMemoryForString
    common.o(i.GetServerDomain) refers to common.o(.bss) for .bss
    common.o(i.GetServerDomain) refers to common.o(.data) for .data
    common.o(i.GetServerIP) refers to common.o(i.GetMemoryForString) for GetMemoryForString
    common.o(i.GetServerIP) refers to common.o(.bss) for .bss
    common.o(i.GetServerIP) refers to common.o(.data) for .data
    common.o(i.GetServerPort) refers to common.o(i.GetMemoryForString) for GetMemoryForString
    common.o(i.GetServerPort) refers to common.o(.bss) for .bss
    common.o(i.GetServerPort) refers to common.o(.data) for .data
    common.o(i.GetSysTick100ms) refers to common.o(.data) for .data
    common.o(i.GetSysTick10ms) refers to common.o(.data) for .data
    common.o(i.GetSysTick1ms) refers to common.o(.data) for .data
    common.o(i.GetSysTick1s) refers to common.o(.data) for .data
    common.o(i.IntToString) refers to common.o(i.GetDatBit) for GetDatBit
    common.o(i.IntToString) refers to common.o(i.GetADV) for GetADV
    common.o(i.MyStrstr) refers to memcmp.o(.text) for memcmp
[...]
    GPIO_SetBits                             0x0800b607   Thumb Code     4  stm32f10x_gpio.o(i.GPIO_SetBits)
    GetADV                                   0x0800b60b   Thumb Code    36  common.o(i.GetADV)
    GetAPN                                   0x0800b631   Thumb Code    24  common.o(i.GetAPN)
    GetDatBit                                0x0800b651   Thumb Code    22  common.o(i.GetDatBit)
    GetDeviceICCID                           0x0800b669   Thumb Code    24  common.o(i.GetDeviceICCID)
    GetDeviceID                              0x0800b689   Thumb Code    24  common.o(i.GetDeviceID)
    GetDeviceIMSI                            0x0800b6a9   Thumb Code    24  common.o(i.GetDeviceIMSI)
    GetDeviceName                            0x0800b6c9   Thumb Code    24  common.o(i.GetDeviceName)
    GetDeviceUUID                            0x0800b6e9   Thumb Code    24  common.o(i.GetDeviceUUID)
    GetMemoryForString                       0x0800b709   Thumb Code   188  common.o(i.GetMemoryForString)
    GetServerDomain                          0x0800b7c5   Thumb Code    24  common.o(i.GetServerDomain)
    GetServerIP                              0x0800b7e5   Thumb Code    24  common.o(i.GetServerIP)
    GetServerPort                            0x0800b805   Thumb Code    24  common.o(i.GetServerPort)
    GetSysTick1s                             0x0800b825   Thumb Code     6  common.o(i.GetSysTick1s)
    GetTimeDateFromServer                    0x0800b831   Thumb Code   256  net_protocol.o(i.GetTimeDateFromServer)
    HardFault_Handler                        0x0800b935   Thumb Code    22  stm32f10x_it.o(i.HardFault_Handler)
    HexToStr                                 0x0800b955   Thumb Code    56  common.o(i.HexToStr)
    IIC1_Ack                                 0x0800b98d   Thumb Code    74  iic1.o(i.IIC1_Ack)
    IIC1_Init                                0x0800b9dd   Thumb Code    60  iic1.o(i.IIC1_Init)
    IIC1_NAck                                0x0800ba1d   Thumb Code    74  iic1.o(i.IIC1_NAck)
    IIC1_Read_Byte                           0x0800ba6d   Thumb Code   112  iic1.o(i.IIC1_Read_Byte)
    IIC1_Send_Byte                           0x0800bae1   Thumb Code   110  iic1.o(i.IIC1_Send_Byte)
    IIC1_Start                               0x0800bb55   Thumb Code    76  iic1.o(i.IIC1_Start)
    IIC1_Stop                                0x0800bba5   Thumb Code    74  iic1.o(i.IIC1_Stop)
    IIC1_Wait_Ack                            0x0800bbf5   Thumb Code   104  iic1.o(i.IIC1_Wait_Ack)
    IWDG_Enable                              0x0800bc61   Thumb Code    10  stm32f10x_iwdg.o(i.IWDG_Enable)
    IWDG_Feed                                0x0800bc71   Thumb Code     4  sys.o(i.IWDG_Feed)
    IWDG_Init                                0x0800bc75   Thumb Code    38  sys.o(i.IWDG_Init)
    IWDG_ReloadCounter                       0x0800bc9d   Thumb Code    10  stm32f10x_iwdg.o(i.IWDG_ReloadCounter)
    IWDG_SetPrescaler                        0x0800bcad   Thumb Code     6  stm32f10x_iwdg.o(i.IWDG_SetPrescaler)
    IWDG_SetReload                           0x0800bcb9   Thumb Code     6  stm32f10x_iwdg.o(i.IWDG_SetReload)
    IWDG_WriteAccessCmd                      0x0800bcc5   Thumb Code     6  stm32f10x_iwdg.o(i.IWDG_WriteAccessCmd)
    IntToString                              0x0800bcd1   Thumb Code    72  common.o(i.IntToString)
    InventrGetOutPutCurrent                  0x0800bd19   Thumb Code   334  inventr.o(i.InventrGetOutPutCurrent)
    InventrGetOutPutVoltage                  0x0800be85   Thumb Code   334  inventr.o(i.InventrGetOutPutVoltage)
    InventrSetLightLevel                     0x0800bff1   Thumb Code   256  inventr.o(i.InventrSetLightLevel)
    Is_Leap_Year                             0x0800c10d   Thumb Code    38  rtc.o(i.Is_Leap_Year)
    LED_Init                                 0x0800c135   Thumb Code    44  led.o(i.LED_Init)
    MemManage_Handler                        0x0800c169   Thumb Code     2  stm32f10x_it.o(i.MemManage_Handler)
    MyStrstr                                 0x0800c16b   Thumb Code    60  common.o(i.MyStrstr)
    NMI_Handler                              0x0800c1a7   Thumb Code     2  stm32f10x_it.o(i.NMI_Handler)
    NVIC_Configuration                       0x0800c1a9   Thumb Code   140  sys.o(i.NVIC_Configuration)
    NVIC_Init                                0x0800c235   Thumb Code    90  misc.o(i.NVIC_Init)
    NVIC_PriorityGroupConfig                 0x0800c299   Thumb Code    10  misc.o(i.NVIC_PriorityGroupConfig)
    NetDataAnalysis                          0x0800c2ad   Thumb Code   196  net_protocol.o(i.NetDataAnalysis)
    NetDataFrameHandle                       0x0800c371   Thumb Code   180  net_protocol.o(i.NetDataFrameHandle)
    OnServerHandle                           0x0800c42d   Thumb Code    50  task_net.o(i.OnServerHandle)
    PWR_BackupAccessCmd                      0x0800c465   Thumb Code     6  stm32f10x_pwr.o(i.PWR_BackupAccessCmd)
    PackAT_CommandRespone                    0x0800c471   Thumb Code    64  at_protoco.o(i.PackAT_CommandRespone)
    PackAckPacket                            0x0800c4cd   Thumb Code     4  net_protocol.o(i.PackAckPacket)
    PackNetData                              0x0800c4d1   Thumb Code    50  common.o(i.PackNetData)
    RCC_APB1PeriphClockCmd                   0x0800c505   Thumb Code    18  stm32f10x_rcc.o(i.RCC_APB1PeriphClockCmd)
    RCC_APB1PeriphResetCmd                   0x0800c51d   Thumb Code    18  stm32f10x_rcc.o(i.RCC_APB1PeriphResetCmd)
    RCC_APB2PeriphClockCmd                   0x0800c535   Thumb Code    18  stm32f10x_rcc.o(i.RCC_APB2PeriphClockCmd)
    RCC_APB2PeriphResetCmd                   0x0800c54d   Thumb Code    18  stm32f10x_rcc.o(i.RCC_APB2PeriphResetCmd)
    RCC_BackupResetCmd                       0x0800c565   Thumb Code     6  stm32f10x_rcc.o(i.RCC_BackupResetCmd)
    RCC_GetClocksFreq                        0x0800c571   Thumb Code   132  stm32f10x_rcc.o(i.RCC_GetClocksFreq)
    RCC_GetFlagStatus                        0x0800c605   Thumb Code    42  stm32f10x_rcc.o(i.RCC_GetFlagStatus)
    RCC_LSEConfig                            0x0800c635   Thumb Code    28  stm32f10x_rcc.o(i.RCC_LSEConfig)
    RCC_RTCCLKCmd                            0x0800c655   Thumb Code     6  stm32f10x_rcc.o(i.RCC_RTCCLKCmd)
    RCC_RTCCLKConfig                         0x0800c661   Thumb Code    10  stm32f10x_rcc.o(i.RCC_RTCCLKConfig)
    RTC_ClearITPendingBit                    0x0800c671   Thumb Code    10  stm32f10x_rtc.o(i.RTC_ClearITPendingBit)
    RTC_EnterConfigMode                      0x0800c681   Thumb Code    12  stm32f10x_rtc.o(i.RTC_EnterConfigMode)
    RTC_ExitConfigMode                       0x0800c691   Thumb Code    12  stm32f10x_rtc.o(i.RTC_ExitConfigMode)
    RTC_Get                                  0x0800c6a1   Thumb Code   186  rtc.o(i.RTC_Get)
    RTC_GetCounter                           0x0800c76d   Thumb Code    16  stm32f10x_rtc.o(i.RTC_GetCounter)
    RTC_GetITStatus                          0x0800c781   Thumb Code    28  stm32f10x_rtc.o(i.RTC_GetITStatus)
    RTC_Get_Week                             0x0800c7a1   Thumb Code    72  rtc.o(i.RTC_Get_Week)
    RTC_IRQHandler                           0x0800c7ed   Thumb Code    28  rtc.o(i.RTC_IRQHandler)
    RTC_ITConfig                             0x0800c809   Thumb Code    18  stm32f10x_rtc.o(i.RTC_ITConfig)
    RTC_Init                                 0x0800c821   Thumb Code   214  rtc.o(i.RTC_Init)
    RTC_Set                                  0x0800c8f9   Thumb Code   190  rtc.o(i.RTC_Set)
    RTC_SetCounter                           0x0800c9c9   Thumb Code    26  stm32f10x_rtc.o(i.RTC_SetCounter)
    RTC_SetPrescaler                         0x0800c9e9   Thumb Code    28  stm32f10x_rtc.o(i.RTC_SetPrescaler)
    RTC_WaitForLastTask                      0x0800ca09   Thumb Code    10  stm32f10x_rtc.o(i.RTC_WaitForLastTask)
    RTC_WaitForSynchro                       0x0800ca19   Thumb Code    18  stm32f10x_rtc.o(i.RTC_WaitForSynchro)
    ReadAPN                                  0x0800ca31   Thumb Code    52  common.o(i.ReadAPN)
    ReadBootLoaderVersion                    0x0800ca75   Thumb Code    76  common.o(i.ReadBootLoaderVersion)
    ReadDataFromEepromToHoldBuf              0x0800cadd   Thumb Code    76  common.o(i.ReadDataFromEepromToHoldBuf)
    ReadDeviceICCID                          0x0800cb29   Thumb Code    54  common.o(i.ReadDeviceICCID)
    ReadDeviceID                             0x0800cb81   Thumb Code    54  common.o(i.ReadDeviceID)
    ReadDeviceIMSI                           0x0800cbc1   Thumb Code    54  common.o(i.ReadDeviceIMSI)
    ReadDeviceName                           0x0800cc11   Thumb Code    52  common.o(i.ReadDeviceName)
    ReadDeviceUUID                           0x0800cc55   Thumb Code    54  common.o(i.ReadDeviceUUID)
    ReadHardWareVersion                      0x0800cca9   Thumb Code    76  common.o(i.ReadHardWareVersion)
    ReadOTAInfo                              0x0800cd11   Thumb Code    72  common.o(i.ReadOTAInfo)
    ReadOperators                            0x0800cd61   Thumb Code    34  common.o(i.ReadOperators)
    ReadParametersFromEEPROM                 0x0800cd8d   Thumb Code    80  common.o(i.ReadParametersFromEEPROM)
    ReadPowerINTFCC                          0x0800cde1   Thumb Code    36  common.o(i.ReadPowerINTFCC)
    ReadRegularTimeGroups                    0x0800ce0d   Thumb Code   292  common.o(i.ReadRegularTimeGroups)
    ReadServerDomain                         0x0800cf35   Thumb Code    54  common.o(i.ReadServerDomain)
    ReadServerIP                             0x0800cf89   Thumb Code    54  common.o(i.ReadServerIP)
    ReadServerPort                           0x0800cfd9   Thumb Code    52  common.o(i.ReadServerPort)
    ReadSoftWareVersion                      0x0800d01d   Thumb Code    38  common.o(i.ReadSoftWareVersion)
    ReadTimeZone                             0x0800d055   Thumb Code    36  common.o(i.ReadTimeZone)
    ReadUpLoadINVL                           0x0800d081   Thumb Code    50  common.o(i.ReadUpLoadINVL)
    RegularTimeGroupAdd                      0x0800d0bd   Thumb Code   174  common.o(i.RegularTimeGroupAdd)
    RegularTimeGroupSub                      0x0800d175   Thumb Code   226  common.o(i.RegularTimeGroupSub)
    RemoveAllStrategy                        0x0800d261   Thumb Code    38  common.o(i.RemoveAllStrategy)
    SendCmd                                  0x0800d289   Thumb Code   186  at_cmd.o(i.SendCmd)
    SendSensorDataToIOTPlatform              0x0800d351   Thumb Code   136  task_net.o(i.SendSensorDataToIOTPlatform)
    SetDevicePowerIntfc                      0x0800d3e5   Thumb Code   106  net_protocol.o(i.SetDevicePowerIntfc)
    SetDeviceUpLoadINCL                      0x0800d459   Thumb Code   112  net_protocol.o(i.SetDeviceUpLoadINCL)
    SetDeviceWorkMode                        0x0800d4d1   Thumb Code    84  net_protocol.o(i.SetDeviceWorkMode)
    SetRegularTimeGroups                     0x0800d529   Thumb Code   410  net_protocol.o(i.SetRegularTimeGroups)
    SetSysTick1s                             0x0800d76d   Thumb Code     6  common.o(i.SetSysTick1s)
    SetUpdateFirmWareInfo                    0x0800d779   Thumb Code   190  net_protocol.o(i.SetUpdateFirmWareInfo)
    Set_GetDeviceUUID                        0x0800d855   Thumb Code   132  net_protocol.o(i.Set_GetDeviceUUID)
    StrToHex                                 0x0800d8dd   Thumb Code    76  common.o(i.StrToHex)
    StringToInt                              0x0800d929   Thumb Code    84  common.o(i.StringToInt)
    SyncDataTimeFormBcxxModule               0x0800d97d   Thumb Code   212  task_net.o(i.SyncDataTimeFormBcxxModule)
    SyncTimeFromNet                          0x0800da5d   Thumb Code   204  rtc.o(i.SyncTimeFromNet)
    SysTick100msAdder                        0x0800db31   Thumb Code    10  common.o(i.SysTick100msAdder)
    SysTick10msAdder                         0x0800db41   Thumb Code    10  common.o(i.SysTick10msAdder)
    SysTick1msAdder                          0x0800db51   Thumb Code    10  common.o(i.SysTick1msAdder)
    SysTick_CLKSourceConfig                  0x0800db61   Thumb Code    24  misc.o(i.SysTick_CLKSourceConfig)
    SysTick_Handler                          0x0800db79   Thumb Code    24  delay.o(i.SysTick_Handler)
    SystemInit                               0x0800db95   Thumb Code    64  system_stm32f10x.o(i.SystemInit)
    TIM2_IRQHandler                          0x0800dbe5   Thumb Code    64  usart.o(i.TIM2_IRQHandler)
    TIM2_Init                                0x0800dc29   Thumb Code    64  usart.o(i.TIM2_Init)
    TIM_ClearITPendingBit                    0x0800dc69   Thumb Code     6  stm32f10x_tim.o(i.TIM_ClearITPendingBit)
    TIM_Cmd                                  0x0800dc6f   Thumb Code    20  stm32f10x_tim.o(i.TIM_Cmd)
    TIM_GetITStatus                          0x0800dc83   Thumb Code    24  stm32f10x_tim.o(i.TIM_GetITStatus)
    TIM_ITConfig                             0x0800dc9b   Thumb Code    16  stm32f10x_tim.o(i.TIM_ITConfig)
    TIM_TimeBaseInit                         0x0800dcad   Thumb Code   114  stm32f10x_tim.o(i.TIM_TimeBaseInit)
    UART4_IRQHandler                         0x0800dd49   Thumb Code   138  usart.o(i.UART4_IRQHandler)
    UART4_Init                               0x0800dde1   Thumb Code   144  usart.o(i.UART4_Init)
    USART1_IRQHandler                        0x0800de79   Thumb Code   138  usart.o(i.USART1_IRQHandler)
    USART1_Init                              0x0800df11   Thumb Code   138  usart.o(i.USART1_Init)
    USART2_IRQHandler                        0x0800dfa5   Thumb Code   194  usart2.o(i.USART2_IRQHandler)
    USART2_Init                              0x0800e0a9   Thumb Code   184  usart2.o(i.USART2_Init)
    USART2_Write                             0x0800e179   Thumb Code    60  usart2.o(i.USART2_Write)
    USART_ClearFlag                          0x0800e1bd   Thumb Code     6  stm32f10x_usart.o(i.USART_ClearFlag)
    USART_Cmd                                0x0800e1c3   Thumb Code    20  stm32f10x_usart.o(i.USART_Cmd)
    USART_DeInit                             0x0800e1d9   Thumb Code    96  stm32f10x_usart.o(i.USART_DeInit)
    USART_GetFlagStatus                      0x0800e24d   Thumb Code    14  stm32f10x_usart.o(i.USART_GetFlagStatus)
    USART_GetITStatus                        0x0800e25b   Thumb Code    62  stm32f10x_usart.o(i.USART_GetITStatus)
    USART_ITConfig                           0x0800e299   Thumb Code    48  stm32f10x_usart.o(i.USART_ITConfig)
    USART_Init                               0x0800e2c9   Thumb Code   176  stm32f10x_usart.o(i.USART_Init)
    USART_ReceiveData                        0x0800e37d   Thumb Code     8  stm32f10x_usart.o(i.USART_ReceiveData)
    USART_SendData                           0x0800e385   Thumb Code     8  stm32f10x_usart.o(i.USART_SendData)
    UnPackAckPacket                          0x0800e38d   Thumb Code    74  net_protocol.o(i.UnPackAckPacket)
    UnPackSensorData                         0x0800e3f9   Thumb Code   168  common.o(i.UnPackSensorData)
    UsageFault_Handler                       0x0800e4a1   Thumb Code     2  stm32f10x_it.o(i.UsageFault_Handler)
    Usart1FrameSend                          0x0800e4a5   Thumb Code    66  usart.o(i.Usart1FrameSend)
    Usart1ReciveFrameEnd                     0x0800e4f5   Thumb Code    32  usart.o(i.Usart1ReciveFrameEnd)
    Usart4FrameSend                          0x0800e519   Thumb Code    66  usart.o(i.Usart4FrameSend)
    Usart4ReciveFrameEnd                     0x0800e569   Thumb Code    32  usart.o(i.Usart4ReciveFrameEnd)
    UsartSendString                          0x0800e58d   Thumb Code    64  usart.o(i.UsartSendString)
    WriteDataFromHoldBufToEeprom             0x0800e5cd   Thumb Code    56  common.o(i.WriteDataFromHoldBufToEeprom)
    WriteOTAInfo                             0x0800e605   Thumb Code   122  common.o(i.WriteOTAInfo)
    __ARM_fpclassify                         0x0800e685   Thumb Code    40  fpclassify.o(i.__ARM_fpclassify)
    _is_digit                                0x0800e6ad   Thumb Code    14  __printf_wp.o(i._is_digit)
    _sys_exit                                0x0800e6bb   Thumb Code     2  usart.o(i._sys_exit)
    bcxx_get_AT_CCLK                         0x0800e6bd   Thumb Code    68  bcxx.o(i.bcxx_get_AT_CCLK)
    bcxx_get_AT_CGSN                         0x0800e725   Thumb Code   120  bcxx.o(i.bcxx_get_AT_CGSN)
    bcxx_get_AT_CIMI                         0x0800e7c9   Thumb Code   108  bcxx.o(i.bcxx_get_AT_CIMI)
    bcxx_get_AT_CSQ                          0x0800e851   Thumb Code   104  bcxx.o(i.bcxx_get_AT_CSQ)
    bcxx_get_AT_NCCID                        0x0800e8d5   Thumb Code   110  bcxx.o(i.bcxx_get_AT_NCCID)
    bcxx_hard_init                           0x0800e965   Thumb Code    56  bcxx.o(i.bcxx_hard_init)
    bcxx_hard_reset                          0x0800e9a1   Thumb Code    66  bcxx.o(i.bcxx_hard_reset)
    bcxx_set_AT_ATE                          0x0800e9ed   Thumb Code    44  bcxx.o(i.bcxx_set_AT_ATE)
    bcxx_set_AT_CEDRXS                       0x0800ea25   Thumb Code    44  bcxx.o(i.bcxx_set_AT_CEDRXS)
    bcxx_set_AT_CELL_RESELECTION             0x0800ea69   Thumb Code    20  bcxx.o(i.bcxx_set_AT_CELL_RESELECTION)
    bcxx_set_AT_CEREG                        0x0800eaa5   Thumb Code    44  bcxx.o(i.bcxx_set_AT_CEREG)
    bcxx_set_AT_CFUN                         0x0800eae5   Thumb Code    46  bcxx.o(i.bcxx_set_AT_CFUN)
    bcxx_set_AT_CGATT                        0x0800eb29   Thumb Code    44  bcxx.o(i.bcxx_set_AT_CGATT)
    bcxx_set_AT_CPSMS                        0x0800eb69   Thumb Code    44  bcxx.o(i.bcxx_set_AT_CPSMS)
    bcxx_set_AT_CSCON                        0x0800eba9   Thumb Code    44  bcxx.o(i.bcxx_set_AT_CSCON)
    bcxx_set_AT_NBAND                        0x0800ebe9   Thumb Code   120  bcxx.o(i.bcxx_set_AT_NBAND)
    bcxx_set_AT_NCDP                         0x0800ec75   Thumb Code    48  bcxx.o(i.bcxx_set_AT_NCDP)
    bcxx_set_AT_NMGS                         0x0800ecb9   Thumb Code    50  bcxx.o(i.bcxx_set_AT_NMGS)
    bcxx_set_AT_NNMI                         0x0800ed01   Thumb Code    44  bcxx.o(i.bcxx_set_AT_NNMI)
    bcxx_set_AT_NRB                          0x0800ed41   Thumb Code    36  bcxx.o(i.bcxx_set_AT_NRB)
    bcxx_set_AT_QREGSWT                      0x0800ed7d   Thumb Code    44  bcxx.o(i.bcxx_set_AT_QREGSWT)
    bcxx_set_NATSPEED                        0x0800edbd   Thumb Code   122  bcxx.o(i.bcxx_set_NATSPEED)
    bcxx_soft_init                           0x0800ee6d   Thumb Code   208  bcxx.o(i.bcxx_soft_init)
    delay_init                               0x0800ef61   Thumb Code    48  delay.o(i.delay_init)
    delay_ms                                 0x0800ef95   Thumb Code    50  delay.o(i.delay_ms)
    delay_us                                 0x0800efd1   Thumb Code    62  delay.o(i.delay_us)
    fifo_get                                 0x0800f015   Thumb Code    76  fifo.o(i.fifo_get)
    fifo_init                                0x0800f065   Thumb Code    66  fifo.o(i.fifo_init)
    fifo_put                                 0x0800f0ad   Thumb Code    60  fifo.o(i.fifo_put)
    find_str                                 0x0800f0ed   Thumb Code    90  common.o(i.find_str)
    fputc                                    0x0800f149   Thumb Code    18  usart.o(i.fputc)
    get_str1                                 0x0800f161   Thumb Code   104  common.o(i.get_str1)
    main                                     0x0800f1c9   Thumb Code   122  main.o(i.main)
    mem_free                                 0x0800f251   Thumb Code    58  malloc.o(i.mem_free)
    mem_init                                 0x0800f291   Thumb Code    34  malloc.o(i.mem_init)
    mem_malloc                               0x0800f2b9   Thumb Code    90  malloc.o(i.mem_malloc)
    mem_perused                              0x0800f319   Thumb Code    38  malloc.o(i.mem_perused)
    memb_alloc                               0x0800f345   Thumb Code    38  memb.o(i.memb_alloc)
    memb_free                                0x0800f36b   Thumb Code    44  memb.o(i.memb_free)
    memb_init                                0x0800f397   Thumb Code    28  memb.o(i.memb_init)
    myfree                                   0x0800f3b5   Thumb Code    16  malloc.o(i.myfree)
    mymalloc                                 0x0800f3c9   Thumb Code    22  malloc.o(i.mymalloc)
    mymemset                                 0x0800f3e5   Thumb Code    12  malloc.o(i.mymemset)
    nbiot_atoi                               0x0800f3f1   Thumb Code    90  utils.o(i.nbiot_atoi)
    nbiot_sleep                              0x0800f44b   Thumb Code     6  delay.o(i.nbiot_sleep)
    nbiot_udp_recv                           0x0800f451   Thumb Code    24  socket.o(i.nbiot_udp_recv)
    netif_rx                                 0x0800f469   Thumb Code    72  bcxx.o(i.netif_rx)
    pvTaskIncrementMutexHeldCount            0x0800f6bd   Thumb Code    18  tasks.o(i.pvTaskIncrementMutexHeldCount)
    pxPortInitialiseStack                    0x0800f6d5   Thumb Code    28  port.o(i.pxPortInitialiseStack)
    register_cmd_handler                     0x0800f6f5   Thumb Code    10  at_cmd.o(i.register_cmd_handler)
    ringbuf_clear                            0x0800f705   Thumb Code    14  ringbuf.o(i.ringbuf_clear)
    ringbuf_elements                         0x0800f713   Thumb Code    12  ringbuf.o(i.ringbuf_elements)
    ringbuf_init                             0x0800f71f   Thumb Code    14  ringbuf.o(i.ringbuf_init)
    ringbuf_put                              0x0800f72d   Thumb Code    36  ringbuf.o(i.ringbuf_put)
    search_str                               0x0800f751   Thumb Code    24  common.o(i.search_str)
    uxListRemove                             0x0800f769   Thumb Code    36  list.o(i.uxListRemove)
    uxTaskGetStackHighWaterMark              0x0800f78d   Thumb Code    12  tasks.o(i.uxTaskGetStackHighWaterMark)
    vListInitialise                          0x0800f79d   Thumb Code    22  list.o(i.vListInitialise)
    vListInitialiseItem                      0x0800f7b3   Thumb Code     6  list.o(i.vListInitialiseItem)
    vListInsert                              0x0800f7b9   Thumb Code    48  list.o(i.vListInsert)
    vListInsertEnd                           0x0800f7e9   Thumb Code    24  list.o(i.vListInsertEnd)
    vPortEnterCritical                       0x0800f801   Thumb Code    62  port.o(i.vPortEnterCritical)
    vPortExitCritical                        0x0800f849   Thumb Code    34  port.o(i.vPortExitCritical)
    vPortSetupTimerInterrupt                 0x0800f871   Thumb Code    26  port.o(i.vPortSetupTimerInterrupt)
    vTaskDelay                               0x0800f891   Thumb Code    94  tasks.o(i.vTaskDelay)
    vTaskHCI                                 0x0800f8f9   Thumb Code   166  task_hci.o(i.vTaskHCI)
    vTaskLED                                 0x0800f9dd   Thumb Code   100  task_led.o(i.vTaskLED)
    vTaskMAIN                                0x0800fa49   Thumb Code   106  task_main.o(i.vTaskMAIN)
    vTaskMissedYield                         0x0800facd   Thumb Code     8  tasks.o(i.vTaskMissedYield)
    vTaskNET                                 0x0800fad9   Thumb Code    98  task_net.o(i.vTaskNET)
    vTaskPlaceOnEventList                    0x0800fb41   Thumb Code    90  tasks.o(i.vTaskPlaceOnEventList)
    vTaskPriorityInherit                     0x0800fba5   Thumb Code   124  tasks.o(i.vTaskPriorityInherit)
    vTaskSENSOR                              0x0800fc29   Thumb Code   236  task_sensor.o(i.vTaskSENSOR)
    vTaskSetTimeOutState                     0x0800fd6d   Thumb Code    30  tasks.o(i.vTaskSetTimeOutState)
    vTaskStartScheduler                      0x0800fd91   Thumb Code    86  tasks.o(i.vTaskStartScheduler)
    vTaskSuspendAll                          0x0800fdf9   Thumb Code    10  tasks.o(i.vTaskSuspendAll)
    vTaskSwitchContext                       0x0800fe09   Thumb Code    82  tasks.o(i.vTaskSwitchContext)
    xPortStartScheduler                      0x0800fe65   Thumb Code   112  port.o(i.xPortStartScheduler)
    xPortSysTickHandler                      0x0800fee1   Thumb Code    38  port.o(i.xPortSysTickHandler)
    xQueueCreateMutex                        0x0800ff0d   Thumb Code    74  queue.o(i.xQueueCreateMutex)
    xQueueGenericCreate                      0x0800ff57   Thumb Code   100  queue.o(i.xQueueGenericCreate)
    xQueueGenericReceive                     0x0800ffbd   Thumb Code   372  queue.o(i.xQueueGenericReceive)
    xQueueGenericReset                       0x08010135   Thumb Code   126  queue.o(i.xQueueGenericReset)
    xQueueGenericSend                        0x080101b9   Thumb Code   352  queue.o(i.xQueueGenericSend)
    xTaskCheckForTimeOut                     0x0801031d   Thumb Code   102  tasks.o(i.xTaskCheckForTimeOut)
    xTaskGenericCreate                       0x08010389   Thumb Code   442  tasks.o(i.xTaskGenericCreate)
    xTaskGetSchedulerState                   0x08010555   Thumb Code    22  tasks.o(i.xTaskGetSchedulerState)
    xTaskIncrementTick                       0x08010571   Thumb Code   194  tasks.o(i.xTaskIncrementTick)
    xTaskPriorityDisinherit                  0x0801063d   Thumb Code   144  tasks.o(i.xTaskPriorityDisinherit)
    xTaskRemoveFromEventList                 0x080106d5   Thumb Code   108  tasks.o(i.xTaskRemoveFromEventList)
    xTaskResumeAll                           0x08010749   Thumb Code   182  tasks.o(i.xTaskResumeAll)
    _get_lc_ctype                            0x0801080d   Thumb Code    44  lc_ctype_c.o(locale$$code)
    _get_lc_numeric                          0x08010839   Thumb Code    44  lc_numeric_c.o(locale$$code)
    __fpl_dretinf                            0x08010865   Thumb Code    12  dretinf.o(x$fpl$dretinf)
    __aeabi_f2d                              0x08010871   Thumb Code     0  f2d.o(x$fpl$f2d)
    _f2d                                     0x08010871   Thumb Code    86  f2d.o(x$fpl$f2d)
    __aeabi_fadd                             0x080108c9   Thumb Code     0  faddsub_clz.o(x$fpl$fadd)
    _fadd                                    0x080108c9   Thumb Code   196  faddsub_clz.o(x$fpl$fadd)
    __aeabi_f2uiz                            0x0801098d   Thumb Code     0  ffixu.o(x$fpl$ffixu)
    _ffixu                                   0x0801098d   Thumb Code    62  ffixu.o(x$fpl$ffixu)
    __aeabi_ui2f                             0x080109cd   Thumb Code     0  fflt_clz.o(x$fpl$ffltu)
    _ffltu                                   0x080109cd   Thumb Code    38  fflt_clz.o(x$fpl$ffltu)
    __fpl_fnaninf                            0x080109f3   Thumb Code   140  fnaninf.o(x$fpl$fnaninf)
    __fpl_fretinf                            0x08010a7f   Thumb Code    10  fretinf.o(x$fpl$fretinf)
    __aeabi_fsub                             0x08010a89   Thumb Code     0  faddsub_clz.o(x$fpl$fsub)
    _fsub                                    0x08010a89   Thumb Code   234  faddsub_clz.o(x$fpl$fsub)
    _printf_fp_dec                           0x08010b73   Thumb Code     4  printf1.o(x$fpl$printf1)
    __I$use$fp                               0x08010b76   Number         0  usenofp.o(x$fpl$usenofp)
    table_week                               0x08010b76   Data          12  rtc.o(.constdata)
    mon_table                                0x08010b82   Data          12  rtc.o(.constdata)
    _monlen                                  0x08010bc7   Data          12  _monlen.o(.constdata)
    Region$$Table$$Base                      0x08010c68   Number         0  anon$$obj.o(Region$$Table)
    Region$$Table$$Limit                     0x08010c88   Number         0  anon$$obj.o(Region$$Table)
    __ctype                                  0x08010c95   Data           0  lc_ctype_c.o(locale$$data)
    TimeGroupNumber                          0x20000000   Data           1  common.o(.data)
    HaveNewFirmWare                          0x20000001   Data           1  common.o(.data)
    NewFirmWareAdd                           0x20000002   Data           1  common.o(.data)
    LastBagByteNum                           0x20000003   Data           1  common.o(.data)
    Operators                                0x20000004   Data           1  common.o(.data)
    PowerINTFC                               0x20000005   Data           1  common.o(.data)
    TimeZone                                 0x20000006   Data           1  common.o(.data)
    LightLevelPercent                        0x20000007   Data           1  common.o(.data)
    NewFirmWareBagNum                        0x20000008   Data           2  common.o(.data)
    NewFirmWareVer                           0x2000000a   Data           2  common.o(.data)
    UpLoadINCL                               0x2000000c   Data           2  common.o(.data)
    RegularTimeWeekDay                       0x20000010   Data           4  common.o(.data)
    RegularTimeWeekEnd                       0x20000014   Data           4  common.o(.data)
    RegularTimeHoliday                       0x20000018   Data           4  common.o(.data)
    xMutex_STRATEGY                          0x2000001c   Data           4  common.o(.data)
    SysTick1ms                               0x20000020   Data           4  common.o(.data)
    SysTick10ms                              0x20000024   Data           4  common.o(.data)
    SysTick100ms                             0x20000028   Data           4  common.o(.data)
    SysTick1s                                0x2000002c   Data           4  common.o(.data)
    BootLoaderVersion                        0x20000030   Data           4  common.o(.data)
    SoftWareVersion                          0x20000034   Data           4  common.o(.data)
    HardWareVersion                          0x20000038   Data           4  common.o(.data)
    DeviceName                               0x2000003c   Data           4  common.o(.data)
    DeviceID                                 0x20000040   Data           4  common.o(.data)
    DeviceUUID                               0x20000044   Data           4  common.o(.data)
    DeviceICCID                              0x20000048   Data           4  common.o(.data)
    DeviceIMSI                               0x2000004c   Data           4  common.o(.data)
    APName                                   0x20000050   Data           4  common.o(.data)
    ServerDomain                             0x20000054   Data           4  common.o(.data)
    ServerIP                                 0x20000058   Data           4  common.o(.data)
    ServerPort                               0x2000005c   Data           4  common.o(.data)
    HolodayRange                             0x20000060   Data           6  common.o(.data)
    xMutex_IIC1                              0x20000268   Data           4  common.o(.data)
    xMutex_INVENTR                           0x2000026c   Data           4  common.o(.data)
    xMutex_AT_COMMAND                        0x20000270   Data           4  common.o(.data)
    xQueue_sensor                            0x20000274   Data           4  common.o(.data)
    NeedToReset                              0x20000278   Data           1  common.o(.data)
    GetTimeOK                                0x20000279   Data           1  common.o(.data)
    DeviceWorkMode                           0x2000027a   Data           1  common.o(.data)
    GpsInfo                                  0x2000027c   Data           4  common.o(.data)
    xHandleTaskLED                           0x20000280   Data           4  task_led.o(.data)
    xHandleTaskHCI                           0x20000284   Data           4  task_hci.o(.data)
    HCI_Satck                                0x20000288   Data           4  task_hci.o(.data)
    xHandleTaskSENSOR                        0x2000028c   Data           4  task_sensor.o(.data)
    p_tSensorMsg                             0x20000290   Data           4  task_sensor.o(.data)
    xHandleTaskNET                           0x20000294   Data           4  task_net.o(.data)
    ConnectState                             0x20000298   Data           1  task_net.o(.data)
    SendDeviceUUID_OK                        0x20000299   Data           1  task_net.o(.data)
    SignalIntensity                          0x2000029a   Data           1  task_net.o(.data)
    p_tSensorMsgNet                          0x2000029c   Data           4  task_net.o(.data)
    xHandleTaskMAIN                          0x200002a8   Data           4  task_main.o(.data)
    MirrorLightLevelPercent                  0x200002ac   Data           1  task_main.o(.data)
    SystemCoreClock                          0x200002b0   Data           4  system_stm32f10x.o(.data)
    AHBPrescTable                            0x200002b4   Data          16  system_stm32f10x.o(.data)
    Usart1RecvEnd                            0x200002ce   Data           1  usart.o(.data)
    Usart1Busy                               0x200002cf   Data           1  usart.o(.data)
    Usart4RecvEnd                            0x200002d0   Data           1  usart.o(.data)
    Usart4Busy                               0x200002d1   Data           1  usart.o(.data)
    Usart1RxCnt                              0x200002d4   Data           2  usart.o(.data)
    OldUsart1RxCnt                           0x200002d6   Data           2  usart.o(.data)
    Usart1FrameLen                           0x200002d8   Data           2  usart.o(.data)
    Usart1SendLen                            0x200002da   Data           2  usart.o(.data)
    Usart1SendNum                            0x200002dc   Data           2  usart.o(.data)
    Usart4RxCnt                              0x200002de   Data           2  usart.o(.data)
    OldUsart4RxCnt                           0x200002e0   Data           2  usart.o(.data)
    Usart4FrameLen                           0x200002e2   Data           2  usart.o(.data)
    Usart4SendLen                            0x200002e4   Data           2  usart.o(.data)
    Usart4SendNum                            0x200002e6   Data           2  usart.o(.data)
    __stdout                                 0x200002e8   Data           4  usart.o(.data)
    rsp_ok                                   0x200002ec   Data           1  usart2.o(.data)
    dl_buf_id                                0x200002ed   Data           1  usart2.o(.data)
    Temperature                              0x20000300   Data           4  sht2x.o(.data)
    Humidity                                 0x20000304   Data           4  sht2x.o(.data)
    Illumination                             0x20000308   Data           4  bh1750.o(.data)
    InventrBusy                              0x2000030c   Data           1  inventr.o(.data)
    InventrDisable                           0x2000030d   Data           1  inventr.o(.data)
    InventrInPutCurrent                      0x20000318   Data           4  inventr.o(.data)
    InventrInPutVoltage                      0x2000031c   Data           4  inventr.o(.data)
    InventrOutPutCurrent                     0x20000320   Data           4  inventr.o(.data)
    InventrOutPutVoltage                     0x20000324   Data           4  inventr.o(.data)
    bcxx_init_ok                             0x20000328   Data           1  bcxx.o(.data)
    callback                                 0x2000032c   Data           4  at_cmd.o(.data)
    flag_ok                                  0x20000330   Data           4  at_cmd.o(.data)
    result_ptr                               0x20000334   Data           4  at_cmd.o(.data)
    time_out                                 0x2000034c   Data           2  net_protocol.o(.data)
    AT_ECHO                                  0x2000034e   Data           1  at_protoco.o(.data)
    pipe                                     0x20000350   Data           8  fifo.o(.data)
    mallco_dev                               0x20000358   Data          20  malloc.o(.data)
    pxCurrentTCB                             0x20000378   Data           4  tasks.o(.data)
    xSchedulerRunning                        0x2000038c   Data           4  tasks.o(.data)
    RCC_Clocks                               0x200003b0   Data          20  main.o(.bss)
    HoldReg                                  0x200003c4   Data         512  common.o(.bss)
    calendar                                 0x200005c4   Data          10  rtc.o(.bss)
    Usart1RxBuf                              0x200005ce   Data         256  usart.o(.bss)
    Usart1TxBuf                              0x200006ce   Data         256  usart.o(.bss)
    Usart4RxBuf                              0x200007ce   Data         128  usart.o(.bss)
    Usart4TxBuf                              0x2000084e   Data         128  usart.o(.bss)
    ring_fifo                                0x200008d0   Data          12  usart2.o(.bss)
    ring_fifo1                               0x200008dc   Data          12  usart2.o(.bss)
    rx_fifo                                  0x200008e8   Data         512  usart2.o(.bss)
    rx_fifo1                                 0x20000ae8   Data         512  usart2.o(.bss)
    AT_CommandBuf                            0x20000eec   Data         208  at_protoco.o(.bss)
    membase                                  0x20000fbc   Data       32768  malloc.o(.bss)
    memmapbase                               0x20008fbc   Data        2048  malloc.o(.bss)
    __libspace_start                         0x200098d4   Data          96  libspace.o(.bss)
    __temporary_stack_top$libspace           0x20009934   Data           0  libspace.o(.bss)



==============================================================================

Memory Map of the image

  Image Entry point : 0x08008131

  Load Region LR_IROM1 (Base: 0x08008000, Size: 0x00009164, Max: 0x0001c000, ABSOLUTE, COMPRESSED[0x00008f28])

    Execution Region ER_IROM1 (Base: 0x08008000, Size: 0x00008db4, Max: 0x0001c000, ABSOLUTE)

    Base Addr    Size         Type   Attr      Idx    E Section Name        Object

    0x08008000   0x00000130   Data   RO          892    RESET               startup_stm32f10x_hd.o
    0x08008130   0x00000008   Code   RO         6129  * !!!main             c_w.l(__main.o)
    0x08008138   0x00000034   Code   RO         6404    !!!scatter          c_w.l(__scatter.o)
    0x0800816c   0x0000005a   Code   RO         6402    !!dczerorl2         c_w.l(__dczerorl2.o)
    0x080081c6   0x00000002   PAD
    0x080081c8   0x0000001c   Code   RO         6406    !!handler_zi        c_w.l(__scatter_zi.o)
    0x080081e4   0x00000000   Code   RO         6101    .ARM.Collect$$_printf_percent$$00000000  c_w.l(_printf_percent.o)
    0x080081e4   0x00000006   Code   RO         6100    .ARM.Collect$$_printf_percent$$00000003  c_w.l(_printf_f.o)
    0x080081ea   0x00000006   Code   RO         6099    .ARM.Collect$$_printf_percent$$00000009  c_w.l(_printf_d.o)
    0x080081f0   0x00000006   Code   RO         6098    .ARM.Collect$$_printf_percent$$0000000C  c_w.l(_printf_x.o)
    0x080081f6   0x00000006   Code   RO         6097    .ARM.Collect$$_printf_percent$$00000014  c_w.l(_printf_s.o)
    0x080081fc   0x00000004   Code   RO         6192    .ARM.Collect$$_printf_percent$$00000017  c_w.l(_printf_percent_end.o)
    0x08008200   0x00000002   Code   RO         6333    .ARM.Collect$$libinit$$00000000  c_w.l(libinit.o)
    0x08008202   0x00000000   Code   RO         6195    .ARM.Collect$$libinit$$00000002  c_w.l(libinit2.o)
    0x08008202   0x00000000   Code   RO         6198    .ARM.Collect$$libinit$$00000008  c_w.l(libinit2.o)
    0x08008202   0x00000000   Code   RO         6200    .ARM.Collect$$libinit$$0000000A  c_w.l(libinit2.o)
    0x08008202   0x00000000   Code   RO         6202    .ARM.Collect$$libinit$$0000000C  c_w.l(libinit2.o)
    0x08008202   0x00000006   Code   RO         6203    .ARM.Collect$$libinit$$0000000D  c_w.l(libinit2.o)
    0x08008208   0x00000000   Code   RO         6205    .ARM.Collect$$libinit$$0000000F  c_w.l(libinit2.o)
    0x08008208   0x0000000c   Code   RO         6206    .ARM.Collect$$libinit$$00000010  c_w.l(libinit2.o)
    0x08008214   0x00000000   Code   RO         6207    .ARM.Collect$$libinit$$00000011  c_w.l(libinit2.o)
    0x08008214   0x00000000   Code   RO         6209    .ARM.Collect$$libinit$$00000013  c_w.l(libinit2.o)
    0x08008214   0x0000000a   Code   RO         6210    .ARM.Collect$$libinit$$00000014  c_w.l(libinit2.o)
    0x0800821e   0x00000000   Code   RO         6211    .ARM.Collect$$libinit$$00000015  c_w.l(libinit2.o)
    0x0800821e   0x00000000   Code   RO         6213    .ARM.Collect$$libinit$$00000017  c_w.l(libinit2.o)
    0x0800821e   0x00000000   Code   RO         6215    .ARM.Collect$$libinit$$00000019  c_w.l(libinit2.o)
    0x0800821e   0x00000000   Code   RO         6217    .ARM.Collect$$libinit$$0000001B  c_w.l(libinit2.o)
    0x0800821e   0x00000000   Code   RO         6219    .ARM.Collect$$libinit$$0000001D  c_w.l(libinit2.o)
    0x0800821e   0x00000000   Code   RO         6221    .ARM.Collect$$libinit$$0000001F  c_w.l(libinit2.o)
    0x0800821e   0x00000000   Code   RO         6223    .ARM.Collect$$libinit$$00000021  c_w.l(libinit2.o)
    0x0800821e   0x00000000   Code   RO         6225    .ARM.Collect$$libinit$$00000023  c_w.l(libinit2.o)
    0x0800821e   0x00000000   Code   RO         6229    .ARM.Collect$$libinit$$0000002A  c_w.l(libinit2.o)
    0x0800821e   0x00000000   Code   RO         6231    .ARM.Collect$$libinit$$0000002C  c_w.l(libinit2.o)
    0x0800821e   0x00000000   Code   RO         6233    .ARM.Collect$$libinit$$0000002E  c_w.l(libinit2.o)
    0x0800821e   0x00000000   Code   RO         6235    .ARM.Collect$$libinit$$00000030  c_w.l(libinit2.o)
    0x0800821e   0x00000002   Code   RO         6236    .ARM.Collect$$libinit$$00000031  c_w.l(libinit2.o)
    0x08008220   0x00000002   Code   RO         6364    .ARM.Collect$$libshutdown$$00000000  c_w.l(libshutdown.o)
    0x08008222   0x00000000   Code   RO         6371    .ARM.Collect$$libshutdown$$00000003  c_w.l(libshutdown2.o)
    0x08008222   0x00000000   Code   RO         6374    .ARM.Collect$$libshutdown$$00000006  c_w.l(libshutdown2.o)
    0x08008222   0x00000000   Code   RO         6377    .ARM.Collect$$libshutdown$$00000009  c_w.l(libshutdown2.o)
    0x08008222   0x00000000   Code   RO         6379    .ARM.Collect$$libshutdown$$0000000B  c_w.l(libshutdown2.o)
    0x08008222   0x00000000   Code   RO         6382    .ARM.Collect$$libshutdown$$0000000E  c_w.l(libshutdown2.o)
    0x08008222   0x00000002   Code   RO         6383    .ARM.Collect$$libshutdown$$0000000F  c_w.l(libshutdown2.o)
    0x08008224   0x00000000   Code   RO         6177    .ARM.Collect$$rtentry$$00000000  c_w.l(rtentry.o)
    0x08008224   0x00000000   Code   RO         6247    .ARM.Collect$$rtentry$$00000002  c_w.l(rtentry2.o)
    0x08008224   0x00000006   Code   RO         6259    .ARM.Collect$$rtentry$$00000004  c_w.l(rtentry4.o)
    0x0800822a   0x00000000   Code   RO         6249    .ARM.Collect$$rtentry$$00000009  c_w.l(rtentry2.o)
    0x0800822a   0x00000004   Code   RO         6250    .ARM.Collect$$rtentry$$0000000A  c_w.l(rtentry2.o)
    0x0800822e   0x00000000   Code   RO         6252    .ARM.Collect$$rtentry$$0000000C  c_w.l(rtentry2.o)
    0x0800822e   0x00000008   Code   RO         6253    .ARM.Collect$$rtentry$$0000000D  c_w.l(rtentry2.o)
    0x08008236   0x00000002   Code   RO         6336    .ARM.Collect$$rtexit$$00000000  c_w.l(rtexit.o)
    0x08008238   0x00000000   Code   RO         6346    .ARM.Collect$$rtexit$$00000002  c_w.l(rtexit2.o)
    0x08008238   0x00000004   Code   RO         6347    .ARM.Collect$$rtexit$$00000003  c_w.l(rtexit2.o)
    0x0800823c   0x00000006   Code   RO         6348    .ARM.Collect$$rtexit$$00000004  c_w.l(rtexit2.o)
    0x08008242   0x00000002   PAD
    0x08008244   0x000000a2   Code   RO         5478    .emb_text           port.o
    0x080082e6   0x00000002   PAD
    0x080082e8   0x00000040   Code   RO          893    .text               startup_stm32f10x_hd.o
    0x08008328   0x00000002   Code   RO         6036    .text               c_w.l(use_no_semi_2.o)
    0x0800832a   0x0000001e   Code   RO         6038    .text               c_w.l(toupper.o)
    0x08008348   0x00000018   Code   RO         6044    .text               c_w.l(noretval__2printf.o)
    0x08008360   0x00000028   Code   RO         6046    .text               c_w.l(noretval__2sprintf.o)
    0x08008388   0x00000052   Code   RO         6050    .text               c_w.l(_printf_pad.o)
    0x080083da   0x00000052   Code   RO         6052    .text               c_w.l(_printf_str.o)
    0x0800842c   0x00000078   Code   RO         6054    .text               c_w.l(_printf_dec.o)
    0x080084a4   0x0000005c   Code   RO         6059    .text               c_w.l(_printf_hex_int.o)
    0x08008500   0x0000013c   Code   RO         6089    .text               c_w.l(__printf_flags_wp.o)
    0x0800863c   0x00000024   Code   RO         6107    .text               c_w.l(strstr.o)
    0x08008660   0x00000058   Code   RO         6109    .text               c_w.l(memcmp.o)
    0x080086b8   0x0000003e   Code   RO         6111    .text               c_w.l(strlen.o)
    0x080086f6   0x00000018   Code   RO         6113    .text               c_w.l(strcat.o)
    0x0800870e   0x0000008a   Code   RO         6115    .text               c_w.l(rt_memcpy_v6.o)
    0x08008798   0x00000064   Code   RO         6117    .text               c_w.l(rt_memcpy_w.o)
    0x080087fc   0x00000010   Code   RO         6119    .text               c_w.l(aeabi_memset.o)
    0x0800880c   0x00000044   Code   RO         6121    .text               c_w.l(rt_memclr.o)
    0x08008850   0x0000004e   Code   RO         6123    .text               c_w.l(rt_memclr_w.o)
    0x0800889e   0x00000002   PAD
    0x080088a0   0x000001a4   Code   RO         6125    .text               c_w.l(mktime.o)
    0x08008a44   0x00000006   Code   RO         6127    .text               c_w.l(heapauxi.o)
    0x08008a4a   0x00000002   Code   RO         6175    .text               c_w.l(use_no_semi.o)
    0x08008a4c   0x00000010   Code   RO         6178    .text               c_w.l(rt_ctype_table.o)
    0x08008a5c   0x000000b8   Code   RO         6180    .text               c_w.l(_printf_intcommon.o)
    0x08008b14   0x00000420   Code   RO         6182    .text               c_w.l(_printf_fp_dec.o)
    0x08008f34   0x00000030   Code   RO         6184    .text               c_w.l(_printf_char_common.o)
    0x08008f64   0x0000000a   Code   RO         6186    .text               c_w.l(_sputc.o)
    0x08008f6e   0x0000002c   Code   RO         6188    .text               c_w.l(_printf_char.o)
    0x08008f9a   0x00000002   PAD
    0x08008f9c   0x00000024   Code   RO         6190    .text               c_w.l(_printf_char_file.o)
    0x08008fc0   0x00000008   Code   RO         6264    .text               c_w.l(rt_locale_intlibspace.o)
    0x08008fc8   0x0000008a   Code   RO         6266    .text               c_w.l(lludiv10.o)
    0x08009052   0x00000002   PAD
    0x08009054   0x00000080   Code   RO         6268    .text               c_w.l(_printf_fp_infnan.o)
    0x080090d4   0x000000e4   Code   RO         6272    .text               c_w.l(bigflt0.o)
    0x080091b8   0x00000008   Code   RO         6297    .text               c_w.l(ferror.o)
    0x080091c0   0x00000008   Code   RO         6315    .text               c_w.l(libspace.o)
    0x080091c8   0x0000004a   Code   RO         6318    .text               c_w.l(sys_stackheap_outer.o)
    0x08009212   0x0000000c   Code   RO         6320    .text               c_w.l(exit.o)
    0x0800921e   0x00000002   PAD
    0x08009220   0x00000080   Code   RO         6322    .text               c_w.l(strcmpv7m.o)
    0x080092a0   0x0000003e   Code   RO         6275    CL$$btod_d2e        c_w.l(btod.o)
    0x080092de   0x00000046   Code   RO         6277    CL$$btod_d2e_denorm_low  c_w.l(btod.o)
    0x08009324   0x00000060   Code   RO         6276    CL$$btod_d2e_norm_op1  c_w.l(btod.o)
    0x08009384   0x00000338   Code   RO         6285    CL$$btod_div_common  c_w.l(btod.o)
    0x080096bc   0x000000c6   Code   RO         6282    CL$$btod_e2e        c_w.l(btod.o)
    0x08009782   0x00000028   Code   RO         6279    CL$$btod_ediv       c_w.l(btod.o)
    0x080097aa   0x00000028   Code   RO         6278    CL$$btod_emul       c_w.l(btod.o)
    0x080097d2   0x00000244   Code   RO         6284    CL$$btod_mult_common  c_w.l(btod.o)
    0x08009a16   0x00000004   Code   RO         1386    i.AT24CXX_Init      24cxx.o
    0x08009a1a   0x00000002   PAD
    0x08009a1c   0x00000074   Code   RO         1389    i.AT24CXX_ReadOneByte  24cxx.o
    0x08009a90   0x0000002a   Code   RO         1391    i.AT24CXX_WriteLenByte  24cxx.o
    0x08009aba   0x00000002   PAD
    0x08009abc   0x00000094   Code   RO         1392    i.AT24CXX_WriteOneByte  24cxx.o
    0x08009b50   0x000000c8   Code   RO         4854    i.AT_CommandAPN     at_protoco.o
    0x08009c18   0x00000038   Code   RO         4855    i.AT_CommandCSQ     at_protoco.o
    0x08009c50   0x0000011c   Code   RO         4856    i.AT_CommandDEVID   at_protoco.o
    0x08009d6c   0x000000d8   Code   RO         4857    i.AT_CommandDEVNAME  at_protoco.o
    0x08009e44   0x000000d0   Code   RO         4858    i.AT_CommandDOMAIN  at_protoco.o
    0x08009f14   0x000002a4   Code   RO         4859    i.AT_CommandDataAnalysis  at_protoco.o
    0x0800a1b8   0x0000006c   Code   RO         4860    i.AT_CommandGMR     at_protoco.o
    0x0800a224   0x00000048   Code   RO         4861    i.AT_CommandGPS     at_protoco.o
    0x0800a26c   0x0000004c   Code   RO         4862    i.AT_CommandHUMI    at_protoco.o
    0x0800a2b8   0x000000c4   Code   RO         4863    i.AT_CommandINCL    at_protoco.o
    0x0800a37c   0x00000050   Code   RO         4864    i.AT_CommandINCURRENT  at_protoco.o
    0x0800a3cc   0x00000088   Code   RO         4865    i.AT_CommandINTFC   at_protoco.o
    0x0800a454   0x00000050   Code   RO         4866    i.AT_CommandINVOLTAGE  at_protoco.o
    0x0800a4a4   0x000000d4   Code   RO         4867    i.AT_CommandIPADDRESS  at_protoco.o
    0x0800a578   0x000004f0   Code   RO         4868    i.AT_CommandInit    at_protoco.o
    0x0800aa68   0x00000050   Code   RO         4869    i.AT_CommandLUMEN   at_protoco.o
    0x0800aab8   0x00000074   Code   RO         4870    i.AT_CommandMODE    at_protoco.o
    0x0800ab2c   0x00000088   Code   RO         4871    i.AT_CommandOPERATORS  at_protoco.o
    0x0800abb4   0x00000050   Code   RO         4872    i.AT_CommandOUTCURRENT  at_protoco.o
    0x0800ac04   0x00000050   Code   RO         4873    i.AT_CommandOUTVOLTAGE  at_protoco.o
    0x0800ac54   0x000000bc   Code   RO         4874    i.AT_CommandPERCENT  at_protoco.o
    0x0800ad10   0x000000d4   Code   RO         4875    i.AT_CommandPORT    at_protoco.o
    0x0800ade4   0x00000080   Code   RO         4876    i.AT_CommandPWRCTL  at_protoco.o
    0x0800ae64   0x0000004c   Code   RO         4878    i.AT_CommandTEMP    at_protoco.o
    0x0800aeb0   0x00000068   Code   RO         4879    i.AT_CommandTIME    at_protoco.o
    0x0800af18   0x000000b4   Code   RO         4880    i.AT_CommandTIMEOFFSET  at_protoco.o
    0x0800afcc   0x000000c4   Code   RO         4881    i.AT_CommandUUID    at_protoco.o
    0x0800b090   0x00000050   Code   RO          624    i.AppObjCreate      rtos_task.o
    0x0800b0e0   0x000000e4   Code   RO          625    i.AppTaskCreate     rtos_task.o
    0x0800b1c4   0x00000224   Code   RO          804    i.AutoLoopRegularTimeGroups  task_main.o
    0x0800b3e8   0x00000012   Code   RO         2071    i.BKP_DeInit        stm32f10x_bkp.o
    0x0800b3fa   0x00000002   PAD
    0x0800b3fc   0x00000010   Code   RO         2076    i.BKP_ReadBackupRegister  stm32f10x_bkp.o
    0x0800b40c   0x00000010   Code   RO         2080    i.BKP_WriteBackupRegister  stm32f10x_bkp.o
    0x0800b41c   0x00000002   Code   RO          834    i.BusFault_Handler  stm32f10x_it.o
    0x0800b41e   0x00000002   PAD
    0x0800b420   0x00000030   Code   RO          222    i.CRC16             common.o
    0x0800b450   0x0000005c   Code   RO         4760    i.ControlDeviceReset  net_protocol.o
    0x0800b4ac   0x00000078   Code   RO         4761    i.ControlLightLevel  net_protocol.o
    0x0800b524   0x00000036   Code   RO          225    i.CopyStrToPointer  common.o
    0x0800b55a   0x00000002   Code   RO          835    i.DebugMon_Handler  stm32f10x_it.o
    0x0800b55c   0x00000098   Code   RO         2960    i.GPIO_Init         stm32f10x_gpio.o
    0x0800b5f4   0x0000000e   Code   RO         2964    i.GPIO_ReadInputDataBit  stm32f10x_gpio.o
    0x0800b602   0x00000004   Code   RO         2967    i.GPIO_ResetBits    stm32f10x_gpio.o
    0x0800b606   0x00000004   Code   RO         2968    i.GPIO_SetBits      stm32f10x_gpio.o
    0x0800b60a   0x00000024   Code   RO          226    i.GetADV            common.o
    0x0800b62e   0x00000002   PAD
    0x0800b630   0x00000020   Code   RO          227    i.GetAPN            common.o
    0x0800b650   0x00000016   Code   RO          228    i.GetDatBit         common.o
    0x0800b666   0x00000002   PAD
    0x0800b668   0x00000020   Code   RO          229    i.GetDeviceICCID    common.o
    0x0800b688   0x00000020   Code   RO          230    i.GetDeviceID       common.o
    0x0800b6a8   0x00000020   Code   RO          231    i.GetDeviceIMSI     common.o
    0x0800b6c8   0x00000020   Code   RO          232    i.GetDeviceName     common.o
    0x0800b6e8   0x00000020   Code   RO          233    i.GetDeviceUUID     common.o
    0x0800b708   0x000000bc   Code   RO          234    i.GetMemoryForString  common.o
    0x0800b7c4   0x00000020   Code   RO          235    i.GetServerDomain   common.o
    0x0800b7e4   0x00000020   Code   RO          236    i.GetServerIP       common.o
    0x0800b804   0x00000020   Code   RO          237    i.GetServerPort     common.o
    0x0800b824   0x0000000c   Code   RO          241    i.GetSysTick1s      common.o
    0x0800b830   0x00000104   Code   RO         4762    i.GetTimeDateFromServer  net_protocol.o
    0x0800b934   0x00000020   Code   RO          836    i.HardFault_Handler  stm32f10x_it.o
    0x0800b954   0x00000038   Code   RO          242    i.HexToStr          common.o
    0x0800b98c   0x00000050   Code   RO         1033    i.IIC1_Ack          iic1.o
    0x0800b9dc   0x00000040   Code   RO         1034    i.IIC1_Init         iic1.o
    0x0800ba1c   0x00000050   Code   RO         1035    i.IIC1_NAck         iic1.o
    0x0800ba6c   0x00000074   Code   RO         1036    i.IIC1_Read_Byte    iic1.o
    0x0800bae0   0x00000074   Code   RO         1037    i.IIC1_Send_Byte    iic1.o
    0x0800bb54   0x00000050   Code   RO         1038    i.IIC1_Start        iic1.o
    0x0800bba4   0x00000050   Code   RO         1039    i.IIC1_Stop         iic1.o
    0x0800bbf4   0x0000006c   Code   RO         1040    i.IIC1_Wait_Ack     iic1.o
    0x0800bc60   0x00000010   Code   RO         3272    i.IWDG_Enable       stm32f10x_iwdg.o
    0x0800bc70   0x00000004   Code   RO         1009    i.IWDG_Feed         sys.o
    0x0800bc74   0x00000026   Code   RO         1010    i.IWDG_Init         sys.o
    0x0800bc9a   0x00000002   PAD
    0x0800bc9c   0x00000010   Code   RO         3274    i.IWDG_ReloadCounter  stm32f10x_iwdg.o
    0x0800bcac   0x0000000c   Code   RO         3275    i.IWDG_SetPrescaler  stm32f10x_iwdg.o
    0x0800bcb8   0x0000000c   Code   RO         3276    i.IWDG_SetReload    stm32f10x_iwdg.o
    0x0800bcc4   0x0000000c   Code   RO         3277    i.IWDG_WriteAccessCmd  stm32f10x_iwdg.o
    0x0800bcd0   0x00000048   Code   RO          243    i.IntToString       common.o
    0x0800bd18   0x0000016c   Code   RO         1533    i.InventrGetOutPutCurrent  inventr.o
    0x0800be84   0x0000016c   Code   RO         1534    i.InventrGetOutPutVoltage  inventr.o
    0x0800bff0   0x0000011c   Code   RO         1535    i.InventrSetLightLevel  inventr.o
    0x0800c10c   0x00000026   Code   RO         1144    i.Is_Leap_Year      rtc.o
    0x0800c132   0x00000002   PAD
    0x0800c134   0x00000034   Code   RO         1520    i.LED_Init          led.o
    0x0800c168   0x00000002   Code   RO          837    i.MemManage_Handler  stm32f10x_it.o
    0x0800c16a   0x0000003c   Code   RO          244    i.MyStrstr          common.o
    0x0800c1a6   0x00000002   Code   RO          838    i.NMI_Handler       stm32f10x_it.o
    0x0800c1a8   0x0000008c   Code   RO         1011    i.NVIC_Configuration  sys.o
    0x0800c234   0x00000064   Code   RO         1811    i.NVIC_Init         misc.o
    0x0800c298   0x00000014   Code   RO         1812    i.NVIC_PriorityGroupConfig  misc.o
    0x0800c2ac   0x000000c4   Code   RO         4763    i.NetDataAnalysis   net_protocol.o
    0x0800c370   0x000000bc   Code   RO         4764    i.NetDataFrameHandle  net_protocol.o
    0x0800c42c   0x00000038   Code   RO          763    i.OnServerHandle    task_net.o
    0x0800c464   0x0000000c   Code   RO         3314    i.PWR_BackupAccessCmd  stm32f10x_pwr.o
    0x0800c470   0x0000005c   Code   RO         4882    i.PackAT_CommandRespone  at_protoco.o
    0x0800c4cc   0x00000004   Code   RO         4765    i.PackAckPacket     net_protocol.o
    0x0800c4d0   0x00000032   Code   RO          245    i.PackNetData       common.o
    0x0800c502   0x00000002   PAD
    0x0800c504   0x00000018   Code   RO         3376    i.RCC_APB1PeriphClockCmd  stm32f10x_rcc.o
    0x0800c51c   0x00000018   Code   RO         3377    i.RCC_APB1PeriphResetCmd  stm32f10x_rcc.o
    0x0800c534   0x00000018   Code   RO         3378    i.RCC_APB2PeriphClockCmd  stm32f10x_rcc.o
    0x0800c54c   0x00000018   Code   RO         3379    i.RCC_APB2PeriphResetCmd  stm32f10x_rcc.o
    0x0800c564   0x0000000c   Code   RO         3381    i.RCC_BackupResetCmd  stm32f10x_rcc.o
    0x0800c570   0x00000094   Code   RO         3386    i.RCC_GetClocksFreq  stm32f10x_rcc.o
    0x0800c604   0x00000030   Code   RO         3387    i.RCC_GetFlagStatus  stm32f10x_rcc.o
    0x0800c634   0x00000020   Code   RO         3394    i.RCC_LSEConfig     stm32f10x_rcc.o
    0x0800c654   0x0000000c   Code   RO         3401    i.RCC_RTCCLKCmd     stm32f10x_rcc.o
    0x0800c660   0x00000010   Code   RO         3402    i.RCC_RTCCLKConfig  stm32f10x_rcc.o
    0x0800c670   0x00000010   Code   RO         3575    i.RTC_ClearITPendingBit  stm32f10x_rtc.o
    0x0800c680   0x00000010   Code   RO         3576    i.RTC_EnterConfigMode  stm32f10x_rtc.o
    0x0800c690   0x00000010   Code   RO         3577    i.RTC_ExitConfigMode  stm32f10x_rtc.o
    0x0800c6a0   0x000000cc   Code   RO         1145    i.RTC_Get           rtc.o
    0x0800c76c   0x00000014   Code   RO         3578    i.RTC_GetCounter    stm32f10x_rtc.o
    0x0800c780   0x00000020   Code   RO         3581    i.RTC_GetITStatus   stm32f10x_rtc.o
    0x0800c7a0   0x0000004c   Code   RO         1146    i.RTC_Get_Week      rtc.o
    0x0800c7ec   0x0000001c   Code   RO         1147    i.RTC_IRQHandler    rtc.o
    0x0800c808   0x00000018   Code   RO         3582    i.RTC_ITConfig      stm32f10x_rtc.o
    0x0800c820   0x000000d6   Code   RO         1148    i.RTC_Init          rtc.o
    0x0800c8f6   0x00000002   PAD
    0x0800c8f8   0x000000d0   Code   RO         1149    i.RTC_Set           rtc.o
    0x0800c9c8   0x00000020   Code   RO         3584    i.RTC_SetCounter    stm32f10x_rtc.o
    0x0800c9e8   0x00000020   Code   RO         3585    i.RTC_SetPrescaler  stm32f10x_rtc.o
    0x0800ca08   0x00000010   Code   RO         3586    i.RTC_WaitForLastTask  stm32f10x_rtc.o
    0x0800ca18   0x00000018   Code   RO         3587    i.RTC_WaitForSynchro  stm32f10x_rtc.o
    0x0800ca30   0x00000044   Code   RO          246    i.ReadAPN           common.o
    0x0800ca74   0x00000068   Code   RO          247    i.ReadBootLoaderVersion  common.o
    0x0800cadc   0x0000004c   Code   RO          248    i.ReadDataFromEepromToHoldBuf  common.o
    0x0800cb28   0x00000058   Code   RO          249    i.ReadDeviceICCID   common.o
    0x0800cb80   0x00000040   Code   RO          250    i.ReadDeviceID      common.o
    0x0800cbc0   0x00000050   Code   RO          251    i.ReadDeviceIMSI    common.o
    0x0800cc10   0x00000044   Code   RO          252    i.ReadDeviceName    common.o
    0x0800cc54   0x00000054   Code   RO          253    i.ReadDeviceUUID    common.o
    0x0800cca8   0x00000068   Code   RO          254    i.ReadHardWareVersion  common.o
    0x0800cd10   0x00000050   Code   RO          256    i.ReadOTAInfo       common.o
    0x0800cd60   0x0000002c   Code   RO          257    i.ReadOperators     common.o
    0x0800cd8c   0x00000054   Code   RO          258    i.ReadParametersFromEEPROM  common.o
    0x0800cde0   0x0000002c   Code   RO          259    i.ReadPowerINTFCC   common.o
    0x0800ce0c   0x00000128   Code   RO          260    i.ReadRegularTimeGroups  common.o
    0x0800cf34   0x00000054   Code   RO          261    i.ReadServerDomain  common.o
    0x0800cf88   0x00000050   Code   RO          262    i.ReadServerIP      common.o
    0x0800cfd8   0x00000044   Code   RO          263    i.ReadServerPort    common.o
    0x0800d01c   0x00000038   Code   RO          264    i.ReadSoftWareVersion  common.o
    0x0800d054   0x0000002c   Code   RO          266    i.ReadTimeZone      common.o
    0x0800d080   0x0000003c   Code   RO          267    i.ReadUpLoadINVL    common.o
    0x0800d0bc   0x000000b8   Code   RO          268    i.RegularTimeGroupAdd  common.o
    0x0800d174   0x000000ec   Code   RO          269    i.RegularTimeGroupSub  common.o
    0x0800d260   0x00000026   Code   RO          270    i.RemoveAllStrategy  common.o
    0x0800d286   0x00000002   PAD
    0x0800d288   0x000000c8   Code   RO         1781    i.SendCmd           at_cmd.o
    0x0800d350   0x00000094   Code   RO          764    i.SendSensorDataToIOTPlatform  task_net.o
    0x0800d3e4   0x00000074   Code   RO         4766    i.SetDevicePowerIntfc  net_protocol.o
    0x0800d458   0x00000078   Code   RO         4767    i.SetDeviceUpLoadINCL  net_protocol.o
    0x0800d4d0   0x00000058   Code   RO         4768    i.SetDeviceWorkMode  net_protocol.o
    0x0800d528   0x0000019a   Code   RO         4769    i.SetRegularTimeGroups  net_protocol.o
    0x0800d6c2   0x00000002   PAD
    0x0800d6c4   0x000000a8   Code   RO          897    i.SetSysClockTo72   system_stm32f10x.o
    0x0800d76c   0x0000000c   Code   RO          271    i.SetSysTick1s      common.o
    0x0800d778   0x000000dc   Code   RO         4770    i.SetUpdateFirmWareInfo  net_protocol.o
    0x0800d854   0x00000088   Code   RO         4771    i.Set_GetDeviceUUID  net_protocol.o
    0x0800d8dc   0x0000004c   Code   RO          272    i.StrToHex          common.o
    0x0800d928   0x00000054   Code   RO          273    i.StringToInt       common.o
    0x0800d97c   0x000000e0   Code   RO          765    i.SyncDataTimeFormBcxxModule  task_net.o
    0x0800da5c   0x000000d4   Code   RO         1150    i.SyncTimeFromNet   rtc.o
    0x0800db30   0x00000010   Code   RO          274    i.SysTick100msAdder  common.o
    0x0800db40   0x00000010   Code   RO          275    i.SysTick10msAdder  common.o
    0x0800db50   0x00000010   Code   RO          276    i.SysTick1msAdder   common.o
    0x0800db60   0x00000018   Code   RO         1815    i.SysTick_CLKSourceConfig  misc.o
    0x0800db78   0x0000001c   Code   RO          926    i.SysTick_Handler   delay.o
    0x0800db94   0x00000050   Code   RO          899    i.SystemInit        system_stm32f10x.o
    0x0800dbe4   0x00000044   Code   RO         1200    i.TIM2_IRQHandler   usart.o
    0x0800dc28   0x00000040   Code   RO         1201    i.TIM2_Init         usart.o
    0x0800dc68   0x00000006   Code   RO         4002    i.TIM_ClearITPendingBit  stm32f10x_tim.o
    0x0800dc6e   0x00000014   Code   RO         4007    i.TIM_Cmd           stm32f10x_tim.o
    0x0800dc82   0x00000018   Code   RO         4028    i.TIM_GetITStatus   stm32f10x_tim.o
    0x0800dc9a   0x00000010   Code   RO         4032    i.TIM_ITConfig      stm32f10x_tim.o
    0x0800dcaa   0x00000002   PAD
    0x0800dcac   0x0000009c   Code   RO         4078    i.TIM_TimeBaseInit  stm32f10x_tim.o
    0x0800dd48   0x00000098   Code   RO         1202    i.UART4_IRQHandler  usart.o
    0x0800dde0   0x00000098   Code   RO         1203    i.UART4_Init        usart.o
    0x0800de78   0x00000098   Code   RO         1204    i.USART1_IRQHandler  usart.o
    0x0800df10   0x00000094   Code   RO         1205    i.USART1_Init       usart.o
    0x0800dfa4   0x00000104   Code   RO         1319    i.USART2_IRQHandler  usart2.o
    0x0800e0a8   0x000000d0   Code   RO         1320    i.USART2_Init       usart2.o
    0x0800e178   0x00000044   Code   RO         1321    i.USART2_Write      usart2.o
    0x0800e1bc   0x00000006   Code   RO         4526    i.USART_ClearFlag   stm32f10x_usart.o
    0x0800e1c2   0x00000014   Code   RO         4530    i.USART_Cmd         stm32f10x_usart.o
    0x0800e1d6   0x00000002   PAD
    0x0800e1d8   0x00000074   Code   RO         4532    i.USART_DeInit      stm32f10x_usart.o
    0x0800e24c   0x0000000e   Code   RO         4533    i.USART_GetFlagStatus  stm32f10x_usart.o
    0x0800e25a   0x0000003e   Code   RO         4534    i.USART_GetITStatus  stm32f10x_usart.o
    0x0800e298   0x00000030   Code   RO         4536    i.USART_ITConfig    stm32f10x_usart.o
    0x0800e2c8   0x000000b4   Code   RO         4537    i.USART_Init        stm32f10x_usart.o
    0x0800e37c   0x00000008   Code   RO         4544    i.USART_ReceiveData  stm32f10x_usart.o
    0x0800e384   0x00000008   Code   RO         4547    i.USART_SendData    stm32f10x_usart.o
    0x0800e38c   0x0000006c   Code   RO         4772    i.UnPackAckPacket   net_protocol.o
    0x0800e3f8   0x000000a8   Code   RO          277    i.UnPackSensorData  common.o
    0x0800e4a0   0x00000002   Code   RO          839    i.UsageFault_Handler  stm32f10x_it.o
    0x0800e4a2   0x00000002   PAD
    0x0800e4a4   0x00000050   Code   RO         1206    i.Usart1FrameSend   usart.o
    0x0800e4f4   0x00000024   Code   RO         1207    i.Usart1ReciveFrameEnd  usart.o
    0x0800e518   0x00000050   Code   RO         1208    i.Usart4FrameSend   usart.o
    0x0800e568   0x00000024   Code   RO         1209    i.Usart4ReciveFrameEnd  usart.o
    0x0800e58c   0x00000040   Code   RO         1210    i.UsartSendString   usart.o
    0x0800e5cc   0x00000038   Code   RO          278    i.WriteDataFromHoldBufToEeprom  common.o
    0x0800e604   0x00000080   Code   RO          279    i.WriteOTAInfo      common.o
    0x0800e684   0x00000028   Code   RO         6313    i.__ARM_fpclassify  m_ws.l(fpclassify.o)
    0x0800e6ac   0x0000000e   Code   RO         6087    i._is_digit         c_w.l(__printf_wp.o)
    0x0800e6ba   0x00000002   Code   RO         1211    i._sys_exit         usart.o
    0x0800e6bc   0x00000068   Code   RO         1578    i.bcxx_get_AT_CCLK  bcxx.o
    0x0800e724   0x000000a4   Code   RO         1580    i.bcxx_get_AT_CGSN  bcxx.o
    0x0800e7c8   0x00000088   Code   RO         1581    i.bcxx_get_AT_CIMI  bcxx.o
    0x0800e850   0x00000084   Code   RO         1582    i.bcxx_get_AT_CSQ   bcxx.o
    0x0800e8d4   0x00000090   Code   RO         1583    i.bcxx_get_AT_NCCID  bcxx.o
    0x0800e964   0x0000003c   Code   RO         1584    i.bcxx_hard_init    bcxx.o
    0x0800e9a0   0x0000004c   Code   RO         1585    i.bcxx_hard_reset   bcxx.o
    0x0800e9ec   0x00000038   Code   RO         1586    i.bcxx_set_AT_ATE   bcxx.o
    0x0800ea24   0x00000044   Code   RO         1587    i.bcxx_set_AT_CEDRXS  bcxx.o
    0x0800ea68   0x0000003c   Code   RO         1588    i.bcxx_set_AT_CELL_RESELECTION  bcxx.o
    0x0800eaa4   0x00000040   Code   RO         1589    i.bcxx_set_AT_CEREG  bcxx.o
    0x0800eae4   0x00000044   Code   RO         1590    i.bcxx_set_AT_CFUN  bcxx.o
    0x0800eb28   0x00000040   Code   RO         1591    i.bcxx_set_AT_CGATT  bcxx.o
    0x0800eb68   0x00000040   Code   RO         1592    i.bcxx_set_AT_CPSMS  bcxx.o
    0x0800eba8   0x00000040   Code   RO         1593    i.bcxx_set_AT_CSCON  bcxx.o
    0x0800ebe8   0x0000008c   Code   RO         1594    i.bcxx_set_AT_NBAND  bcxx.o
    0x0800ec74   0x00000044   Code   RO         1595    i.bcxx_set_AT_NCDP  bcxx.o
    0x0800ecb8   0x00000048   Code   RO         1596    i.bcxx_set_AT_NMGS  bcxx.o
    0x0800ed00   0x00000040   Code   RO         1597    i.bcxx_set_AT_NNMI  bcxx.o
    0x0800ed40   0x0000003c   Code   RO         1598    i.bcxx_set_AT_NRB   bcxx.o
    0x0800ed7c   0x00000040   Code   RO         1605    i.bcxx_set_AT_QREGSWT  bcxx.o
    0x0800edbc   0x000000b0   Code   RO         1606    i.bcxx_set_NATSPEED  bcxx.o
    0x0800ee6c   0x000000f4   Code   RO         1607    i.bcxx_soft_init    bcxx.o
    0x0800ef60   0x00000034   Code   RO          927    i.delay_init        delay.o
    0x0800ef94   0x0000003c   Code   RO          928    i.delay_ms          delay.o
    0x0800efd0   0x00000044   Code   RO          932    i.delay_us          delay.o
    0x0800f014   0x00000050   Code   RO         5045    i.fifo_get          fifo.o
    0x0800f064   0x00000048   Code   RO         5046    i.fifo_init         fifo.o
    0x0800f0ac   0x00000040   Code   RO         5047    i.fifo_put          fifo.o
    0x0800f0ec   0x0000005a   Code   RO          280    i.find_str          common.o
    0x0800f146   0x00000002   PAD
    0x0800f148   0x00000018   Code   RO         1212    i.fputc             usart.o
    0x0800f160   0x00000068   Code   RO          281    i.get_str1          common.o
    0x0800f1c8   0x00000088   Code   RO            1    i.main              main.o
    0x0800f250   0x00000040   Code   RO         5072    i.mem_free          malloc.o
    0x0800f290   0x00000028   Code   RO         5073    i.mem_init          malloc.o
    0x0800f2b8   0x00000060   Code   RO         5074    i.mem_malloc        malloc.o
    0x0800f318   0x0000002c   Code   RO         5075    i.mem_perused       malloc.o
    0x0800f344   0x00000026   Code   RO         5141    i.memb_alloc        memb.o
    0x0800f36a   0x0000002c   Code   RO         5142    i.memb_free         memb.o
    0x0800f396   0x0000001c   Code   RO         5143    i.memb_init         memb.o
    0x0800f3b2   0x00000002   PAD
    0x0800f3b4   0x00000014   Code   RO         5076    i.myfree            malloc.o
    0x0800f3c8   0x0000001c   Code   RO         5077    i.mymalloc          malloc.o
    0x0800f3e4   0x0000000c   Code   RO         5079    i.mymemset          malloc.o
    0x0800f3f0   0x0000005a   Code   RO         5264    i.nbiot_atoi        utils.o
    0x0800f44a   0x00000006   Code   RO          933    i.nbiot_sleep       delay.o
    0x0800f450   0x00000018   Code   RO         5240    i.nbiot_udp_recv    socket.o
    0x0800f468   0x00000054   Code   RO         1609    i.netif_rx          bcxx.o
    0x0800f4bc   0x00000034   Code   RO         5721    i.prvAddCurrentTaskToDelayedList  tasks.o
    0x0800f4f0   0x00000058   Code   RO         5722    i.prvCheckTasksWaitingTermination  tasks.o
    0x0800f548   0x00000026   Code   RO         5549    i.prvCopyDataFromQueue  queue.o
    0x0800f56e   0x0000006e   Code   RO         5550    i.prvCopyDataToQueue  queue.o
    0x0800f5dc   0x00000028   Code   RO         5723    i.prvIdleTask       tasks.o
    0x0800f604   0x00000020   Code   RO         5725    i.prvResetNextTaskUnblockTime  tasks.o
    0x0800f624   0x00000014   Code   RO         5726    i.prvTaskCheckFreeStackSpace  tasks.o
    0x0800f638   0x00000020   Code   RO         5479    i.prvTaskExitError  port.o
    0x0800f658   0x00000064   Code   RO         5551    i.prvUnlockQueue    queue.o
    0x0800f6bc   0x00000018   Code   RO         5728    i.pvTaskIncrementMutexHeldCount  tasks.o
    0x0800f6d4   0x00000020   Code   RO         5480    i.pxPortInitialiseStack  port.o
    0x0800f6f4   0x00000010   Code   RO         1783    i.register_cmd_handler  at_cmd.o
    0x0800f704   0x0000000e   Code   RO         5171    i.ringbuf_clear     ringbuf.o
    0x0800f712   0x0000000c   Code   RO         5172    i.ringbuf_elements  ringbuf.o
    0x0800f71e   0x0000000e   Code   RO         5174    i.ringbuf_init      ringbuf.o
    0x0800f72c   0x00000024   Code   RO         5175    i.ringbuf_put       ringbuf.o
    0x0800f750   0x00000018   Code   RO          284    i.search_str        common.o
    0x0800f768   0x00000024   Code   RO         5442    i.uxListRemove      list.o
    0x0800f78c   0x00000010   Code   RO         5731    i.uxTaskGetStackHighWaterMark  tasks.o
    0x0800f79c   0x00000016   Code   RO         5443    i.vListInitialise   list.o
    0x0800f7b2   0x00000006   Code   RO         5444    i.vListInitialiseItem  list.o
    0x0800f7b8   0x00000030   Code   RO         5445    i.vListInsert       list.o
    0x0800f7e8   0x00000018   Code   RO         5446    i.vListInsertEnd    list.o
    0x0800f800   0x00000048   Code   RO         5482    i.vPortEnterCritical  port.o
    0x0800f848   0x00000028   Code   RO         5483    i.vPortExitCritical  port.o
    0x0800f870   0x00000020   Code   RO         5484    i.vPortSetupTimerInterrupt  port.o
    0x0800f890   0x00000068   Code   RO         5737    i.vTaskDelay        tasks.o
    0x0800f8f8   0x000000e4   Code   RO          704    i.vTaskHCI          task_hci.o
    0x0800f9dc   0x0000006c   Code   RO          685    i.vTaskLED          task_led.o
    0x0800fa48   0x00000084   Code   RO          805    i.vTaskMAIN         task_main.o
    0x0800facc   0x0000000c   Code   RO         5741    i.vTaskMissedYield  tasks.o
    0x0800fad8   0x00000068   Code   RO          766    i.vTaskNET          task_net.o
    0x0800fb40   0x00000064   Code   RO         5743    i.vTaskPlaceOnEventList  tasks.o
    0x0800fba4   0x00000084   Code   RO         5745    i.vTaskPriorityInherit  tasks.o
    0x0800fc28   0x00000144   Code   RO          731    i.vTaskSENSOR       task_sensor.o
    0x0800fd6c   0x00000024   Code   RO         5749    i.vTaskSetTimeOutState  tasks.o
    0x0800fd90   0x00000068   Code   RO         5750    i.vTaskStartScheduler  tasks.o
    0x0800fdf8   0x00000010   Code   RO         5752    i.vTaskSuspendAll   tasks.o
    0x0800fe08   0x0000005c   Code   RO         5753    i.vTaskSwitchContext  tasks.o
    0x0800fe64   0x0000007c   Code   RO         5487    i.xPortStartScheduler  port.o
    0x0800fee0   0x0000002c   Code   RO         5488    i.xPortSysTickHandler  port.o
    0x0800ff0c   0x0000004a   Code   RO         5562    i.xQueueCreateMutex  queue.o
    0x0800ff56   0x00000064   Code   RO         5563    i.xQueueGenericCreate  queue.o
    0x0800ffba   0x00000002   PAD
    0x0800ffbc   0x00000178   Code   RO         5564    i.xQueueGenericReceive  queue.o
    0x08010134   0x00000084   Code   RO         5565    i.xQueueGenericReset  queue.o
    0x080101b8   0x00000164   Code   RO         5566    i.xQueueGenericSend  queue.o
    0x0801031c   0x0000006c   Code   RO         5754    i.xTaskCheckForTimeOut  tasks.o
    0x08010388   0x000001cc   Code   RO         5755    i.xTaskGenericCreate  tasks.o
    0x08010554   0x0000001c   Code   RO         5759    i.xTaskGetSchedulerState  tasks.o
    0x08010570   0x000000cc   Code   RO         5762    i.xTaskIncrementTick  tasks.o
    0x0801063c   0x00000098   Code   RO         5765    i.xTaskPriorityDisinherit  tasks.o
    0x080106d4   0x00000074   Code   RO         5766    i.xTaskRemoveFromEventList  tasks.o
    0x08010748   0x000000c4   Code   RO         5768    i.xTaskResumeAll    tasks.o
    0x0801080c   0x0000002c   Code   RO         6302    locale$$code        c_w.l(lc_ctype_c.o)
    0x08010838   0x0000002c   Code   RO         6305    locale$$code        c_w.l(lc_numeric_c.o)
    0x08010864   0x0000000c   Code   RO         6239    x$fpl$dretinf       fz_ws.l(dretinf.o)
    0x08010870   0x00000056   Code   RO         6151    x$fpl$f2d           fz_ws.l(f2d.o)
    0x080108c6   0x00000002   PAD
    0x080108c8   0x000000c4   Code   RO         6153    x$fpl$fadd          fz_ws.l(faddsub_clz.o)
    0x0801098c   0x0000003e   Code   RO         6163    x$fpl$ffixu         fz_ws.l(ffixu.o)
    0x080109ca   0x00000002   PAD
    0x080109cc   0x00000026   Code   RO         6167    x$fpl$ffltu         fz_ws.l(fflt_clz.o)
    0x080109f2   0x0000008c   Code   RO         6241    x$fpl$fnaninf       fz_ws.l(fnaninf.o)
    0x08010a7e   0x0000000a   Code   RO         6243    x$fpl$fretinf       fz_ws.l(fretinf.o)
    0x08010a88   0x000000ea   Code   RO         6155    x$fpl$fsub          fz_ws.l(faddsub_clz.o)
    0x08010b72   0x00000004   Code   RO         6173    x$fpl$printf1       fz_ws.l(printf1.o)
    0x08010b76   0x00000000   Code   RO         6245    x$fpl$usenofp       fz_ws.l(usenofp.o)
    0x08010b76   0x00000018   Data   RO         1152    .constdata          rtc.o
    0x08010b8e   0x00000028   Data   RO         6060    .constdata          c_w.l(_printf_hex_int.o)
    0x08010bb6   0x00000011   Data   RO         6090    .constdata          c_w.l(__printf_flags_wp.o)
    0x08010bc7   0x0000000c   Data   RO         6193    .constdata          c_w.l(_monlen.o)
    0x08010bd3   0x00000001   PAD
    0x08010bd4   0x00000094   Data   RO         6273    .constdata          c_w.l(bigflt0.o)
    0x08010c68   0x00000020   Data   RO         6400    Region$$Table       anon$$obj.o
    0x08010c88   0x00000110   Data   RO         6301    locale$$data        c_w.l(lc_ctype_c.o)
    0x08010d98   0x0000001c   Data   RO         6304    locale$$data        c_w.l(lc_numeric_c.o)


    Execution Region RW_IRAM1 (Base: 0x20000000, Size: 0x0000b138, Max: 0x00010000, ABSOLUTE, COMPRESSED[0x00000174])

    Base Addr    Size         Type   Attr      Idx    E Section Name        Object

    0x20000000   0x00000266   Data   RW          288    .data               common.o
    0x20000266   0x00000002   PAD
    0x20000268   0x00000004   Data   RW          289    .data               common.o
    0x2000026c   0x00000004   Data   RW          290    .data               common.o
    0x20000270   0x00000004   Data   RW          291    .data               common.o
    0x20000274   0x00000004   Data   RW          292    .data               common.o
    0x20000278   0x00000001   Data   RW          295    .data               common.o
    0x20000279   0x00000001   Data   RW          297    .data               common.o
    0x2000027a   0x00000001   Data   RW          298    .data               common.o
    0x2000027b   0x00000001   PAD
    0x2000027c   0x00000004   Data   RW          299    .data               common.o
    0x20000280   0x00000004   Data   RW          686    .data               task_led.o
    0x20000284   0x00000004   Data   RW          705    .data               task_hci.o
    0x20000288   0x00000004   Data   RW          706    .data               task_hci.o
    0x2000028c   0x00000004   Data   RW          732    .data               task_sensor.o
    0x20000290   0x00000004   Data   RW          733    .data               task_sensor.o
    0x20000294   0x00000004   Data   RW          767    .data               task_net.o
    0x20000298   0x00000010   Data   RW          768    .data               task_net.o
    0x200002a8   0x00000004   Data   RW          806    .data               task_main.o
    0x200002ac   0x00000001   Data   RW          807    .data               task_main.o
    0x200002ad   0x00000003   PAD
    0x200002b0   0x00000014   Data   RW          900    .data               system_stm32f10x.o
    0x200002c4   0x00000008   Data   RW          935    .data               delay.o
    0x200002cc   0x00000002   Data   RW         1153    .data               rtc.o
    0x200002ce   0x0000001a   Data   RW         1214    .data               usart.o
    0x200002e8   0x00000004   Data   RW         1215    .data               usart.o
    0x200002ec   0x00000010   Data   RW         1324    .data               usart2.o
    0x200002fc   0x00000001   Data   RW         1325    .data               usart2.o
    0x200002fd   0x00000003   PAD
    0x20000300   0x00000004   Data   RW         1440    .data               sht2x.o
    0x20000304   0x00000004   Data   RW         1441    .data               sht2x.o
    0x20000308   0x00000004   Data   RW         1488    .data               bh1750.o
    0x2000030c   0x0000000c   Data   RW         1537    .data               inventr.o
    0x20000318   0x00000004   Data   RW         1538    .data               inventr.o
    0x2000031c   0x00000004   Data   RW         1539    .data               inventr.o
    0x20000320   0x00000004   Data   RW         1540    .data               inventr.o
    0x20000324   0x00000004   Data   RW         1541    .data               inventr.o
    0x20000328   0x00000001   Data   RW         1612    .data               bcxx.o
    0x20000329   0x00000003   PAD
    0x2000032c   0x0000000c   Data   RW         1784    .data               at_cmd.o
    0x20000338   0x00000014   Data   RW         3406    .data               stm32f10x_rcc.o
    0x2000034c   0x00000002   Data   RW         4773    .data               net_protocol.o
    0x2000034e   0x00000001   Data   RW         4884    .data               at_protoco.o
    0x2000034f   0x00000001   PAD
    0x20000350   0x00000008   Data   RW         5048    .data               fifo.o
    0x20000358   0x00000014   Data   RW         5086    .data               malloc.o
    0x2000036c   0x0000000c   Data   RW         5489    .data               port.o
    0x20000378   0x00000038   Data   RW         5771    .data               tasks.o
    0x200003b0   0x00000014   Zero   RW            3    .bss                main.o
    0x200003c4   0x00000200   Zero   RW          285    .bss                common.o
    0x200005c4   0x0000000a   Zero   RW         1151    .bss                rtc.o
    0x200005ce   0x00000300   Zero   RW         1213    .bss                usart.o
    0x200008ce   0x00000002   PAD
    0x200008d0   0x00000418   Zero   RW         1322    .bss                usart2.o
    0x20000ce8   0x00000202   Zero   RW         1323    .bss                usart2.o
    0x20000eea   0x00000002   PAD
    0x20000eec   0x000000d0   Zero   RW         4883    .bss                at_protoco.o
    0x20000fbc   0x00008000   Zero   RW         5081    .bss                malloc.o
    0x20008fbc   0x00000800   Zero   RW         5082    .bss                malloc.o
    0x200097bc   0x00000118   Zero   RW         5770    .bss                tasks.o
    0x200098d4   0x00000060   Zero   RW         6316    .bss                c_w.l(libspace.o)
    0x20009934   0x00000004   PAD
    0x20009938   0x00000200   Zero   RW          891    HEAP                startup_stm32f10x_hd.o
    0x20009b38   0x00001600   Zero   RW          890    STACK               startup_stm32f10x_hd.o


==============================================================================

Image component sizes


      Code (inc. data)   RO Data    RW Data    ZI Data      Debug   Object Name

       310         16          0          0          0       2263   24cxx.o
       216         20          0         12          0       2523   at_cmd.o
      5532       1366          0          1        208      20702   at_protoco.o
      2296        590          0          1          0      15191   bcxx.o
         0          0          0          4          0        235   bh1750.o
      3810        464          0        637        512      36546   common.o
         0          0          0          0          0         32   core_cm3.o
       214         24          0          8          0       3303   delay.o
         0          0          0          0          0       8112   event_groups.o
       216         14          0          8          0       2365   fifo.o
       724         40          0          0          0       4250   iic1.o
      1012         88          0         28          0       3290   inventr.o
        52          8          0          0          0        479   led.o
       136          0          0          0          0       2762   list.o
       136         14          0          0         20     292161   main.o
       304         34          0         20      34816       5073   malloc.o
       110          0          0          0          0       1897   memb.o
         0          0          0          0          0       1308   memory.o
       144         20          0          0          0       1793   misc.o
      2058        130          0          2          0      10528   net_protocol.o
       538         60          0         12          0       6524   port.o
      1286         14          0          0          0       8342   queue.o
        76          0          0          0          0       2144   ringbuf.o
       980         48         24          2         10       5616   rtc.o
       308        122          0          0          0       6706   rtos_task.o
         0          0          0          8          0        263   sht2x.o
        24          0          0          0          0       1029   socket.o
        64         26        304          0       6144        752   startup_stm32f10x_hd.o
        50          8          0          0          0       2436   stm32f10x_bkp.o
       174          0          0          0          0       3116   stm32f10x_gpio.o
        42         10          0          0          0       2521   stm32f10x_it.o
        68         30          0          0          0       2206   stm32f10x_iwdg.o
        12          6          0          0          0        450   stm32f10x_pwr.o
       364         68          0         20          0       7580   stm32f10x_rcc.o
       228         50          0          0          0       5030   stm32f10x_rtc.o
       222         42          0          0          0       3921   stm32f10x_tim.o
       462         24          0          0          0       6426   stm32f10x_usart.o
       182          0          0          0          0       1449   sys.o
       248         24          0         20          0       1749   system_stm32f10x.o
       228         62          0          8          0        846   task_hci.o
       108          8          0          4          0        826   task_led.o
       680         52          0          5          0      17404   task_main.o
       532         36          0         20          0       3437   task_net.o
       324         88          0          8          0       2224   task_sensor.o
      2132        180          0         56        280      17996   tasks.o
      1058         92          0         30        768       9652   usart.o
       536         98          0         17       1562       3018   usart2.o
        90          0          0          0          0        641   utils.o

    ----------------------------------------------------------------------
     28324       3976        360        944      44324     539117   Object Totals
         0          0         32          0          0          0   (incl. Generated)
        38          0          0         13          4          0   (incl. Padding)

    ----------------------------------------------------------------------

      Code (inc. data)   RO Data    RW Data    ZI Data      Debug   Library Member Name

        90          0          0          0          0          0   __dczerorl2.o
         8          0          0          0          0         68   __main.o
       316          6         17          0          0         92   __printf_flags_wp.o
        14          0          0          0          0         68   __printf_wp.o
        52          8          0          0          0          0   __scatter.o
        28          0          0          0          0          0   __scatter_zi.o
         0          0         12          0          0          0   _monlen.o
        44          0          0          0          0        108   _printf_char.o
        48          6          0          0          0         96   _printf_char_common.o
        36          4          0          0          0         80   _printf_char_file.o
         6          0          0          0          0          0   _printf_d.o
       120         18          0          0          0         92   _printf_dec.o
         6          0          0          0          0          0   _printf_f.o
      1056          0          0          0          0        216   _printf_fp_dec.o
       128         16          0          0          0         84   _printf_fp_infnan.o
        92          4         40          0          0         88   _printf_hex_int.o
       184          0          0          0          0         88   _printf_intcommon.o
        82          0          0          0          0        108   _printf_pad.o
         0          0          0          0          0          0   _printf_percent.o
         4          0          0          0          0          0   _printf_percent_end.o
         6          0          0          0          0          0   _printf_s.o
        82          0          0          0          0         80   _printf_str.o
         6          0          0          0          0          0   _printf_x.o
        10          0          0          0          0         68   _sputc.o
        16          0          0          0          0         68   aeabi_memset.o
       228          6        148          0          0         96   bigflt0.o
      1910        128          0          0          0        672   btod.o
        12          0          0          0          0         72   exit.o
         8          0          0          0          0         68   ferror.o
         6          0          0          0          0        152   heapauxi.o
        44         10        272          0          0         76   lc_ctype_c.o
        44         10         28          0          0         76   lc_numeric_c.o
         2          0          0          0          0          0   libinit.o
        30          0          0          0          0          0   libinit2.o
         2          0          0          0          0          0   libshutdown.o
         2          0          0          0          0          0   libshutdown2.o
         8          4          0          0         96         68   libspace.o
       138          0          0          0          0         80   lludiv10.o
        88          0          0          0          0         76   memcmp.o
       420          8          0          0          0        128   mktime.o
        24          4          0          0          0         84   noretval__2printf.o
        40          6          0          0          0         84   noretval__2sprintf.o
        16          4          0          0          0         76   rt_ctype_table.o
         8          4          0          0          0         68   rt_locale_intlibspace.o
        68          0          0          0          0         68   rt_memclr.o
        78          0          0          0          0         80   rt_memclr_w.o
       138          0          0          0          0         68   rt_memcpy_v6.o
       100          0          0          0          0         80   rt_memcpy_w.o
         0          0          0          0          0          0   rtentry.o
        12          0          0          0          0          0   rtentry2.o
         6          0          0          0          0          0   rtentry4.o
         2          0          0          0          0          0   rtexit.o
        10          0          0          0          0          0   rtexit2.o
        24          0          0          0          0         68   strcat.o
       128          0          0          0          0         68   strcmpv7m.o
        62          0          0          0          0         76   strlen.o
        36          0          0          0          0         80   strstr.o
        74          0          0          0          0         80   sys_stackheap_outer.o
        30          0          0          0          0         76   toupper.o
         2          0          0          0          0         68   use_no_semi.o
         2          0          0          0          0         68   use_no_semi_2.o
        12          0          0          0          0         68   dretinf.o
        86          4          0          0          0         84   f2d.o
       430          8          0          0          0        168   faddsub_clz.o
        62          4          0          0          0         84   ffixu.o
        38          0          0          0          0         68   fflt_clz.o
       140          4          0          0          0         84   fnaninf.o
        10          0          0          0          0         68   fretinf.o
         4          0          0          0          0         68   printf1.o
         0          0          0          0          0          0   usenofp.o
        40          0          0          0          0         68   fpclassify.o

    ----------------------------------------------------------------------
      7074        266        518          0        100       4920   Library Totals
        16          0          1          0          4          0   (incl. Padding)

    ----------------------------------------------------------------------

      Code (inc. data)   RO Data    RW Data    ZI Data      Debug   Library Name

      6236        246        517          0         96       4160   c_w.l
       782         20          0          0          0        692   fz_ws.l
        40          0          0          0          0         68   m_ws.l

    ----------------------------------------------------------------------
      7074        266        518          0        100       4920   Library Totals

    ----------------------------------------------------------------------

==============================================================================


      Code (inc. data)   RO Data    RW Data    ZI Data      Debug   

     35398       4242        878        944      44424     525681   Grand Totals
     35398       4242        878        372      44424     525681   ELF Image Totals (compressed)
     35398       4242        878        372          0          0   ROM Totals

==============================================================================

    Total RO  Size (Code + RO Data)                36276 (  35.43kB)
    Total RW  Size (RW Data + ZI Data)             45368 (  44.30kB)
    Total ROM Size (Code + RO Data + RW Data)      36648 (  35.79kB)

==============================================================================

